Component: ARM Compiler 5.05 update 1 (build 106) Tool: armlink [4d0efa]

==============================================================================

Section Cross References

    startup_stm32f40xx.o(RESET) refers to startup_stm32f40xx.o(STACK) for __initial_sp
    startup_stm32f40xx.o(RESET) refers to startup_stm32f40xx.o(.text) for Reset_Handler
    startup_stm32f40xx.o(RESET) refers to stm32f4xx_it.o(i.NMI_Handler) for NMI_Handler
    startup_stm32f40xx.o(RESET) refers to stm32f4xx_it.o(i.HardFault_Handler) for HardFault_Handler
    startup_stm32f40xx.o(RESET) refers to stm32f4xx_it.o(i.MemManage_Handler) for MemManage_Handler
    startup_stm32f40xx.o(RESET) refers to stm32f4xx_it.o(i.BusFault_Handler) for BusFault_Handler
    startup_stm32f40xx.o(RESET) refers to stm32f4xx_it.o(i.UsageFault_Handler) for UsageFault_Handler
    startup_stm32f40xx.o(RESET) refers to stm32f4xx_it.o(i.SVC_Handler) for SVC_Handler
    startup_stm32f40xx.o(RESET) refers to stm32f4xx_it.o(i.DebugMon_Handler) for DebugMon_Handler
    startup_stm32f40xx.o(RESET) refers to stm32f4xx_it.o(i.PendSV_Handler) for PendSV_Handler
    startup_stm32f40xx.o(RESET) refers to my_delay.o(i.SysTick_Handler) for SysTick_Handler
    startup_stm32f40xx.o(RESET) refers to my_it.o(i.EXTI0_IRQHandler) for EXTI0_IRQHandler
    startup_stm32f40xx.o(RESET) refers to my_it.o(i.EXTI2_IRQHandler) for EXTI2_IRQHandler
    startup_stm32f40xx.o(RESET) refers to my_it.o(i.EXTI3_IRQHandler) for EXTI3_IRQHandler
    startup_stm32f40xx.o(RESET) refers to my_it.o(i.EXTI4_IRQHandler) for EXTI4_IRQHandler
    startup_stm32f40xx.o(RESET) refers to hc_sr04.o(i.EXTI9_5_IRQHandler) for EXTI9_5_IRQHandler
    startup_stm32f40xx.o(RESET) refers to uart.o(i.USART1_IRQHandler) for USART1_IRQHandler
    startup_stm32f40xx.o(RESET) refers to bluetooth.o(i.USART2_IRQHandler) for USART2_IRQHandler
    startup_stm32f40xx.o(RESET) refers to tim.o(i.TIM8_UP_TIM13_IRQHandler) for TIM8_UP_TIM13_IRQHandler
    startup_stm32f40xx.o(.text) refers to system_stm32f4xx.o(i.SystemInit) for SystemInit
    startup_stm32f40xx.o(.text) refers to entry.o(.ARM.Collect$$$$00000000) for __main
    stm32f4xx_adc.o(i.ADC_DeInit) refers to stm32f4xx_rcc.o(i.RCC_APB2PeriphResetCmd) for RCC_APB2PeriphResetCmd
    stm32f4xx_can.o(i.CAN_DeInit) refers to stm32f4xx_rcc.o(i.RCC_APB1PeriphResetCmd) for RCC_APB1PeriphResetCmd
    stm32f4xx_can.o(i.CAN_GetITStatus) refers to stm32f4xx_can.o(i.CheckITStatus) for CheckITStatus
    stm32f4xx_cryp.o(i.CRYP_DeInit) refers to stm32f4xx_rcc.o(i.RCC_AHB2PeriphResetCmd) for RCC_AHB2PeriphResetCmd
    stm32f4xx_cryp_aes.o(i.CRYP_AES_CBC) refers to stm32f4xx_cryp.o(i.CRYP_KeyStructInit) for CRYP_KeyStructInit
    stm32f4xx_cryp_aes.o(i.CRYP_AES_CBC) refers to stm32f4xx_cryp.o(i.CRYP_FIFOFlush) for CRYP_FIFOFlush
    stm32f4xx_cryp_aes.o(i.CRYP_AES_CBC) refers to stm32f4xx_cryp.o(i.CRYP_Init) for CRYP_Init
    stm32f4xx_cryp_aes.o(i.CRYP_AES_CBC) refers to stm32f4xx_cryp.o(i.CRYP_KeyInit) for CRYP_KeyInit
    stm32f4xx_cryp_aes.o(i.CRYP_AES_CBC) refers to stm32f4xx_cryp.o(i.CRYP_Cmd) for CRYP_Cmd
    stm32f4xx_cryp_aes.o(i.CRYP_AES_CBC) refers to stm32f4xx_cryp.o(i.CRYP_GetFlagStatus) for CRYP_GetFlagStatus
    stm32f4xx_cryp_aes.o(i.CRYP_AES_CBC) refers to stm32f4xx_cryp.o(i.CRYP_IVInit) for CRYP_IVInit
    stm32f4xx_cryp_aes.o(i.CRYP_AES_CBC) refers to stm32f4xx_cryp.o(i.CRYP_GetCmdStatus) for CRYP_GetCmdStatus
    stm32f4xx_cryp_aes.o(i.CRYP_AES_CBC) refers to stm32f4xx_cryp.o(i.CRYP_DataIn) for CRYP_DataIn
    stm32f4xx_cryp_aes.o(i.CRYP_AES_CBC) refers to stm32f4xx_cryp.o(i.CRYP_DataOut) for CRYP_DataOut
    stm32f4xx_cryp_aes.o(i.CRYP_AES_CCM) refers to stm32f4xx_cryp.o(i.CRYP_KeyStructInit) for CRYP_KeyStructInit
    stm32f4xx_cryp_aes.o(i.CRYP_AES_CCM) refers to stm32f4xx_cryp.o(i.CRYP_FIFOFlush) for CRYP_FIFOFlush
    stm32f4xx_cryp_aes.o(i.CRYP_AES_CCM) refers to stm32f4xx_cryp.o(i.CRYP_KeyInit) for CRYP_KeyInit
    stm32f4xx_cryp_aes.o(i.CRYP_AES_CCM) refers to stm32f4xx_cryp.o(i.CRYP_IVInit) for CRYP_IVInit
    stm32f4xx_cryp_aes.o(i.CRYP_AES_CCM) refers to stm32f4xx_cryp.o(i.CRYP_Init) for CRYP_Init
    stm32f4xx_cryp_aes.o(i.CRYP_AES_CCM) refers to stm32f4xx_cryp.o(i.CRYP_PhaseConfig) for CRYP_PhaseConfig
    stm32f4xx_cryp_aes.o(i.CRYP_AES_CCM) refers to stm32f4xx_cryp.o(i.CRYP_DataIn) for CRYP_DataIn
    stm32f4xx_cryp_aes.o(i.CRYP_AES_CCM) refers to stm32f4xx_cryp.o(i.CRYP_Cmd) for CRYP_Cmd
    stm32f4xx_cryp_aes.o(i.CRYP_AES_CCM) refers to stm32f4xx_cryp.o(i.CRYP_GetCmdStatus) for CRYP_GetCmdStatus
    stm32f4xx_cryp_aes.o(i.CRYP_AES_CCM) refers to stm32f4xx_cryp.o(i.CRYP_GetFlagStatus) for CRYP_GetFlagStatus
    stm32f4xx_cryp_aes.o(i.CRYP_AES_CCM) refers to stm32f4xx_cryp.o(i.CRYP_DataOut) for CRYP_DataOut
    stm32f4xx_cryp_aes.o(i.CRYP_AES_CTR) refers to stm32f4xx_cryp.o(i.CRYP_KeyStructInit) for CRYP_KeyStructInit
[...]
    Removing my_i2c.o(i.IIC_WaitEvent), (84 bytes).
    Removing mpu6050.o(.rev16_text), (4 bytes).
    Removing mpu6050.o(.revsh_text), (4 bytes).
    Removing mpu6050.o(.rrx_text), (6 bytes).
    Removing mpu6050.o(i.MPU6050_GetData), (164 bytes).
    Removing mpu6050.o(i.MPU6050_ReadReg), (184 bytes).
    Removing mpu6050.o(i.MPU6050_init), (200 bytes).
    Removing mpu6050.o(i.MPU6050_writeReg), (128 bytes).
    Removing delay.o(.rev16_text), (4 bytes).
    Removing delay.o(.revsh_text), (4 bytes).
    Removing delay.o(.rrx_text), (6 bytes).
    Removing dht11.o(.rev16_text), (4 bytes).
    Removing dht11.o(.revsh_text), (4 bytes).
    Removing dht11.o(.rrx_text), (6 bytes).
    Removing w25q128.o(.rev16_text), (4 bytes).
    Removing w25q128.o(.revsh_text), (4 bytes).
    Removing w25q128.o(.rrx_text), (6 bytes).
    Removing w25q128.o(i.W25Q128_ID), (124 bytes).
    Removing w25q128.o(i.W25Q128_Read_Bytes), (92 bytes).
    Removing w25q128.o(i.W25Q128_Read_Sector), (88 bytes).
    Removing w25q128.o(i.W25Q128_Read_Write_Bytes), (156 bytes).
    Removing w25q128.o(i.W25Q128_Sector_Erase), (68 bytes).
    Removing w25q128.o(i.W25Q128_Swap_byte), (132 bytes).
    Removing w25q128.o(i.W25Q128_W_Enable), (36 bytes).
    Removing w25q128.o(i.W25Q128_Wait_busy), (52 bytes).
    Removing w25q128.o(i.W25Q128_Write), (92 bytes).
    Removing w25q128.o(i.W25Q128_init), (184 bytes).
    Removing w25q128.o(.bss), (4096 bytes).
    Removing sg90s.o(.rev16_text), (4 bytes).
    Removing sg90s.o(.revsh_text), (4 bytes).
    Removing sg90s.o(.rrx_text), (6 bytes).
    Removing sg90s.o(i.SG90S_SetAngle), (68 bytes).
    Removing sg90s.o(i.sg90s_init), (224 bytes).
    Removing oled.o(.rev16_text), (4 bytes).
    Removing oled.o(.revsh_text), (4 bytes).
    Removing oled.o(.rrx_text), (6 bytes).
    Removing oled.o(i.OLED_DrawBMP), (116 bytes).
    Removing oled.o(i.OLED_OFF), (22 bytes).
    Removing oled.o(i.OLED_ON), (22 bytes).
    Removing oled.o(i.OLED_ShowDHT11), (84 bytes).
    Removing oled.o(i.OLED_ShowNum), (44 bytes).
    Removing oled.o(i.oled_clear), (56 bytes).
    Removing oled.o(i.oled_test), (40 bytes).
    Removing io_i2c.o(.rev16_text), (4 bytes).
    Removing io_i2c.o(.revsh_text), (4 bytes).
    Removing io_i2c.o(.rrx_text), (6 bytes).
    Removing io_i2c.o(i.i2c_recv_byte), (76 bytes).
    Removing io_i2c.o(i.i2c_send_ack), (68 bytes).
    Removing bluetooth.o(.rev16_text), (4 bytes).
    Removing bluetooth.o(.revsh_text), (4 bytes).
    Removing bluetooth.o(.rrx_text), (6 bytes).
    Removing bluetooth.o(i.BT_SendData), (56 bytes).
    Removing l298n.o(.rev16_text), (4 bytes).
    Removing l298n.o(.revsh_text), (4 bytes).
    Removing l298n.o(.rrx_text), (6 bytes).
    Removing l298n.o(i.L298N_init), (172 bytes).
    Removing n20.o(.rev16_text), (4 bytes).
    Removing n20.o(.revsh_text), (4 bytes).
    Removing n20.o(.rrx_text), (6 bytes).
    Removing hc_sr04.o(.rev16_text), (4 bytes).
    Removing hc_sr04.o(.revsh_text), (4 bytes).
    Removing hc_sr04.o(.rrx_text), (6 bytes).
    Removing dadd.o(.text), (334 bytes).
    Removing dfixul.o(.text), (48 bytes).
    Removing cdrcmple.o(.text), (48 bytes).

918 unused section(s) (total 44708 bytes) removed from the image.

==============================================================================

Image Symbol Table

    Local Symbols

    Symbol Name                              Value     Ov Type        Size  Object(Section)

    ../clib/../cmprslib/zerorunl2.c          0x00000000   Number         0  __dczerorl2.o ABSOLUTE
    ../clib/microlib/division.c              0x00000000   Number         0  uldiv.o ABSOLUTE
    ../clib/microlib/division.c              0x00000000   Number         0  uidiv.o ABSOLUTE
    ../clib/microlib/init/entry.s            0x00000000   Number         0  entry11b.o ABSOLUTE
    ../clib/microlib/init/entry.s            0x00000000   Number         0  entry8a.o ABSOLUTE
    ../clib/microlib/init/entry.s            0x00000000   Number         0  entry5.o ABSOLUTE
    ../clib/microlib/init/entry.s            0x00000000   Number         0  entry9a.o ABSOLUTE
    ../clib/microlib/init/entry.s            0x00000000   Number         0  entry10b.o ABSOLUTE
    ../clib/microlib/init/entry.s            0x00000000   Number         0  entry8b.o ABSOLUTE
    ../clib/microlib/init/entry.s            0x00000000   Number         0  entry.o ABSOLUTE
    ../clib/microlib/init/entry.s            0x00000000   Number         0  entry2.o ABSOLUTE
    ../clib/microlib/init/entry.s            0x00000000   Number         0  entry7b.o ABSOLUTE
    ../clib/microlib/init/entry.s            0x00000000   Number         0  entry9b.o ABSOLUTE
    ../clib/microlib/init/entry.s            0x00000000   Number         0  entry7a.o ABSOLUTE
    ../clib/microlib/init/entry.s            0x00000000   Number         0  entry11a.o ABSOLUTE
    ../clib/microlib/init/entry.s            0x00000000   Number         0  entry10a.o ABSOLUTE
    ../clib/microlib/longlong.c              0x00000000   Number         0  llsshr.o ABSOLUTE
    ../clib/microlib/longlong.c              0x00000000   Number         0  llshl.o ABSOLUTE
    ../clib/microlib/longlong.c              0x00000000   Number         0  llushr.o ABSOLUTE
    ../clib/microlib/printf/printf.c         0x00000000   Number         0  printf0.o ABSOLUTE
    ../clib/microlib/printf/printf.c         0x00000000   Number         0  printf5.o ABSOLUTE
    ../clib/microlib/printf/printf.c         0x00000000   Number         0  printf1.o ABSOLUTE
    ../clib/microlib/printf/printf.c         0x00000000   Number         0  printf2.o ABSOLUTE
    ../clib/microlib/printf/printf.c         0x00000000   Number         0  printf3.o ABSOLUTE
    ../clib/microlib/printf/printf.c         0x00000000   Number         0  printf4.o ABSOLUTE
    ../clib/microlib/printf/printf.c         0x00000000   Number         0  printfa.o ABSOLUTE
    ../clib/microlib/printf/printf.c         0x00000000   Number         0  printf6.o ABSOLUTE
    ../clib/microlib/printf/printf.c         0x00000000   Number         0  printf7.o ABSOLUTE
    ../clib/microlib/printf/printf.c         0x00000000   Number         0  printfb.o ABSOLUTE
    ../clib/microlib/printf/printf.c         0x00000000   Number         0  printf8.o ABSOLUTE
    ../clib/microlib/printf/stubs.s          0x00000000   Number         0  stubs.o ABSOLUTE
    ../clib/microlib/stdio/streams.c         0x00000000   Number         0  stdout.o ABSOLUTE
    ../clib/microlib/string/memset.c         0x00000000   Number         0  memseta.o ABSOLUTE
    ../clib/microlib/string/strlen.c         0x00000000   Number         0  strlen.o ABSOLUTE
    ../clib/microlib/stubs.s                 0x00000000   Number         0  iusefp.o ABSOLUTE
    ../fplib/microlib/d2f.c                  0x00000000   Number         0  d2f.o ABSOLUTE
    ../fplib/microlib/fpadd.c                0x00000000   Number         0  dadd.o ABSOLUTE
    ../fplib/microlib/fpdiv.c                0x00000000   Number         0  ddiv.o ABSOLUTE
    ../fplib/microlib/fpepilogue.c           0x00000000   Number         0  depilogue.o ABSOLUTE
    ../fplib/microlib/fpepilogue.c           0x00000000   Number         0  fepilogue.o ABSOLUTE
    ../fplib/microlib/fpfix.c                0x00000000   Number         0  dfixul.o ABSOLUTE
    ../fplib/microlib/fpflt.c                0x00000000   Number         0  dflti.o ABSOLUTE
    ../fplib/microlib/fpmul.c                0x00000000   Number         0  dmul.o ABSOLUTE
    ..\CORE\startup_stm32f40xx.s             0x00000000   Number         0  startup_stm32f40xx.o ABSOLUTE
    ..\FWLIB\src\misc.c                      0x00000000   Number         0  misc.o ABSOLUTE
    ..\FWLIB\src\stm32f4xx_adc.c             0x00000000   Number         0  stm32f4xx_adc.o ABSOLUTE
    ..\FWLIB\src\stm32f4xx_can.c             0x00000000   Number         0  stm32f4xx_can.o ABSOLUTE
    ..\FWLIB\src\stm32f4xx_cec.c             0x00000000   Number         0  stm32f4xx_cec.o ABSOLUTE
    ..\FWLIB\src\stm32f4xx_crc.c             0x00000000   Number         0  stm32f4xx_crc.o ABSOLUTE
    ..\FWLIB\src\stm32f4xx_cryp.c            0x00000000   Number         0  stm32f4xx_cryp.o ABSOLUTE
    ..\FWLIB\src\stm32f4xx_cryp_aes.c        0x00000000   Number         0  stm32f4xx_cryp_aes.o ABSOLUTE
    ..\FWLIB\src\stm32f4xx_cryp_des.c        0x00000000   Number         0  stm32f4xx_cryp_des.o ABSOLUTE
    ..\FWLIB\src\stm32f4xx_cryp_tdes.c       0x00000000   Number         0  stm32f4xx_cryp_tdes.o ABSOLUTE
    ..\FWLIB\src\stm32f4xx_dac.c             0x00000000   Number         0  stm32f4xx_dac.o ABSOLUTE
    ..\FWLIB\src\stm32f4xx_dbgmcu.c          0x00000000   Number         0  stm32f4xx_dbgmcu.o ABSOLUTE
    ..\FWLIB\src\stm32f4xx_dcmi.c            0x00000000   Number         0  stm32f4xx_dcmi.o ABSOLUTE
    ..\FWLIB\src\stm32f4xx_dfsdm.c           0x00000000   Number         0  stm32f4xx_dfsdm.o ABSOLUTE
    ..\FWLIB\src\stm32f4xx_dma.c             0x00000000   Number         0  stm32f4xx_dma.o ABSOLUTE
    ..\FWLIB\src\stm32f4xx_dma2d.c           0x00000000   Number         0  stm32f4xx_dma2d.o ABSOLUTE
    ..\FWLIB\src\stm32f4xx_dsi.c             0x00000000   Number         0  stm32f4xx_dsi.o ABSOLUTE
    ..\FWLIB\src\stm32f4xx_exti.c            0x00000000   Number         0  stm32f4xx_exti.o ABSOLUTE
    ..\FWLIB\src\stm32f4xx_flash.c           0x00000000   Number         0  stm32f4xx_flash.o ABSOLUTE
    ..\FWLIB\src\stm32f4xx_flash_ramfunc.c   0x00000000   Number         0  stm32f4xx_flash_ramfunc.o ABSOLUTE
    ..\FWLIB\src\stm32f4xx_fmpi2c.c          0x00000000   Number         0  stm32f4xx_fmpi2c.o ABSOLUTE
    ..\FWLIB\src\stm32f4xx_fsmc.c            0x00000000   Number         0  stm32f4xx_fsmc.o ABSOLUTE
    ..\FWLIB\src\stm32f4xx_gpio.c            0x00000000   Number         0  stm32f4xx_gpio.o ABSOLUTE
    ..\FWLIB\src\stm32f4xx_hash.c            0x00000000   Number         0  stm32f4xx_hash.o ABSOLUTE
    ..\FWLIB\src\stm32f4xx_hash_md5.c        0x00000000   Number         0  stm32f4xx_hash_md5.o ABSOLUTE
    ..\FWLIB\src\stm32f4xx_hash_sha1.c       0x00000000   Number         0  stm32f4xx_hash_sha1.o ABSOLUTE
    ..\FWLIB\src\stm32f4xx_i2c.c             0x00000000   Number         0  stm32f4xx_i2c.o ABSOLUTE
    ..\FWLIB\src\stm32f4xx_iwdg.c            0x00000000   Number         0  stm32f4xx_iwdg.o ABSOLUTE
    ..\FWLIB\src\stm32f4xx_lptim.c           0x00000000   Number         0  stm32f4xx_lptim.o ABSOLUTE
    ..\FWLIB\src\stm32f4xx_ltdc.c            0x00000000   Number         0  stm32f4xx_ltdc.o ABSOLUTE
    ..\FWLIB\src\stm32f4xx_pwr.c             0x00000000   Number         0  stm32f4xx_pwr.o ABSOLUTE
    ..\FWLIB\src\stm32f4xx_qspi.c            0x00000000   Number         0  stm32f4xx_qspi.o ABSOLUTE
    ..\FWLIB\src\stm32f4xx_rcc.c             0x00000000   Number         0  stm32f4xx_rcc.o ABSOLUTE
    ..\FWLIB\src\stm32f4xx_rng.c             0x00000000   Number         0  stm32f4xx_rng.o ABSOLUTE
    ..\FWLIB\src\stm32f4xx_rtc.c             0x00000000   Number         0  stm32f4xx_rtc.o ABSOLUTE
    ..\FWLIB\src\stm32f4xx_sai.c             0x00000000   Number         0  stm32f4xx_sai.o ABSOLUTE
    ..\FWLIB\src\stm32f4xx_sdio.c            0x00000000   Number         0  stm32f4xx_sdio.o ABSOLUTE
    ..\FWLIB\src\stm32f4xx_spdifrx.c         0x00000000   Number         0  stm32f4xx_spdifrx.o ABSOLUTE
    ..\FWLIB\src\stm32f4xx_spi.c             0x00000000   Number         0  stm32f4xx_spi.o ABSOLUTE
    ..\FWLIB\src\stm32f4xx_syscfg.c          0x00000000   Number         0  stm32f4xx_syscfg.o ABSOLUTE
    ..\FWLIB\src\stm32f4xx_tim.c             0x00000000   Number         0  stm32f4xx_tim.o ABSOLUTE
    ..\FWLIB\src\stm32f4xx_usart.c           0x00000000   Number         0  stm32f4xx_usart.o ABSOLUTE
    ..\FWLIB\src\stm32f4xx_wwdg.c            0x00000000   Number         0  stm32f4xx_wwdg.o ABSOLUTE
    ..\\FWLIB\\src\\misc.c                   0x00000000   Number         0  misc.o ABSOLUTE
    ..\\FWLIB\\src\\stm32f4xx_adc.c          0x00000000   Number         0  stm32f4xx_adc.o ABSOLUTE
    ..\\FWLIB\\src\\stm32f4xx_can.c          0x00000000   Number         0  stm32f4xx_can.o ABSOLUTE
    ..\\FWLIB\\src\\stm32f4xx_cec.c          0x00000000   Number         0  stm32f4xx_cec.o ABSOLUTE
    ..\\FWLIB\\src\\stm32f4xx_crc.c          0x00000000   Number         0  stm32f4xx_crc.o ABSOLUTE
    ..\\FWLIB\\src\\stm32f4xx_cryp.c         0x00000000   Number         0  stm32f4xx_cryp.o ABSOLUTE
    ..\\FWLIB\\src\\stm32f4xx_cryp_aes.c     0x00000000   Number         0  stm32f4xx_cryp_aes.o ABSOLUTE
    ..\\FWLIB\\src\\stm32f4xx_cryp_des.c     0x00000000   Number         0  stm32f4xx_cryp_des.o ABSOLUTE
    ..\\FWLIB\\src\\stm32f4xx_cryp_tdes.c    0x00000000   Number         0  stm32f4xx_cryp_tdes.o ABSOLUTE
    ..\\FWLIB\\src\\stm32f4xx_dac.c          0x00000000   Number         0  stm32f4xx_dac.o ABSOLUTE
    ..\\FWLIB\\src\\stm32f4xx_dbgmcu.c       0x00000000   Number         0  stm32f4xx_dbgmcu.o ABSOLUTE
    ..\\FWLIB\\src\\stm32f4xx_dcmi.c         0x00000000   Number         0  stm32f4xx_dcmi.o ABSOLUTE
    ..\\FWLIB\\src\\stm32f4xx_dfsdm.c        0x00000000   Number         0  stm32f4xx_dfsdm.o ABSOLUTE
    ..\\FWLIB\\src\\stm32f4xx_dma.c          0x00000000   Number         0  stm32f4xx_dma.o ABSOLUTE
    ..\\FWLIB\\src\\stm32f4xx_dma2d.c        0x00000000   Number         0  stm32f4xx_dma2d.o ABSOLUTE
    ..\\FWLIB\\src\\stm32f4xx_dsi.c          0x00000000   Number         0  stm32f4xx_dsi.o ABSOLUTE
    ..\\FWLIB\\src\\stm32f4xx_exti.c         0x00000000   Number         0  stm32f4xx_exti.o ABSOLUTE
    ..\\FWLIB\\src\\stm32f4xx_flash.c        0x00000000   Number         0  stm32f4xx_flash.o ABSOLUTE
    ..\\FWLIB\\src\\stm32f4xx_flash_ramfunc.c 0x00000000   Number         0  stm32f4xx_flash_ramfunc.o ABSOLUTE
    ..\\FWLIB\\src\\stm32f4xx_fmpi2c.c       0x00000000   Number         0  stm32f4xx_fmpi2c.o ABSOLUTE
    ..\\FWLIB\\src\\stm32f4xx_fsmc.c         0x00000000   Number         0  stm32f4xx_fsmc.o ABSOLUTE
    ..\\FWLIB\\src\\stm32f4xx_gpio.c         0x00000000   Number         0  stm32f4xx_gpio.o ABSOLUTE
    ..\\FWLIB\\src\\stm32f4xx_hash.c         0x00000000   Number         0  stm32f4xx_hash.o ABSOLUTE
    ..\\FWLIB\\src\\stm32f4xx_hash_md5.c     0x00000000   Number         0  stm32f4xx_hash_md5.o ABSOLUTE
    ..\\FWLIB\\src\\stm32f4xx_hash_sha1.c    0x00000000   Number         0  stm32f4xx_hash_sha1.o ABSOLUTE
    ..\\FWLIB\\src\\stm32f4xx_i2c.c          0x00000000   Number         0  stm32f4xx_i2c.o ABSOLUTE
    ..\\FWLIB\\src\\stm32f4xx_iwdg.c         0x00000000   Number         0  stm32f4xx_iwdg.o ABSOLUTE
    ..\\FWLIB\\src\\stm32f4xx_lptim.c        0x00000000   Number         0  stm32f4xx_lptim.o ABSOLUTE
    ..\\FWLIB\\src\\stm32f4xx_ltdc.c         0x00000000   Number         0  stm32f4xx_ltdc.o ABSOLUTE
    ..\\FWLIB\\src\\stm32f4xx_pwr.c          0x00000000   Number         0  stm32f4xx_pwr.o ABSOLUTE
    ..\\FWLIB\\src\\stm32f4xx_qspi.c         0x00000000   Number         0  stm32f4xx_qspi.o ABSOLUTE
    ..\\FWLIB\\src\\stm32f4xx_rcc.c          0x00000000   Number         0  stm32f4xx_rcc.o ABSOLUTE
    ..\\FWLIB\\src\\stm32f4xx_rng.c          0x00000000   Number         0  stm32f4xx_rng.o ABSOLUTE
    ..\\FWLIB\\src\\stm32f4xx_rtc.c          0x00000000   Number         0  stm32f4xx_rtc.o ABSOLUTE
    ..\\FWLIB\\src\\stm32f4xx_sai.c          0x00000000   Number         0  stm32f4xx_sai.o ABSOLUTE
    ..\\FWLIB\\src\\stm32f4xx_sdio.c         0x00000000   Number         0  stm32f4xx_sdio.o ABSOLUTE
    ..\\FWLIB\\src\\stm32f4xx_spdifrx.c      0x00000000   Number         0  stm32f4xx_spdifrx.o ABSOLUTE
    ..\\FWLIB\\src\\stm32f4xx_spi.c          0x00000000   Number         0  stm32f4xx_spi.o ABSOLUTE
    ..\\FWLIB\\src\\stm32f4xx_syscfg.c       0x00000000   Number         0  stm32f4xx_syscfg.o ABSOLUTE
    ..\\FWLIB\\src\\stm32f4xx_tim.c          0x00000000   Number         0  stm32f4xx_tim.o ABSOLUTE
    ..\\FWLIB\\src\\stm32f4xx_usart.c        0x00000000   Number         0  stm32f4xx_usart.o ABSOLUTE
    ..\\FWLIB\\src\\stm32f4xx_wwdg.c         0x00000000   Number         0  stm32f4xx_wwdg.o ABSOLUTE
    cdrcmple.s                               0x00000000   Number         0  cdrcmple.o ABSOLUTE
    dc.s                                     0x00000000   Number         0  dc.o ABSOLUTE
    handlers.s                               0x00000000   Number         0  handlers.o ABSOLUTE
    init.s                                   0x00000000   Number         0  init.o ABSOLUTE
    project_1\SYSTEM\HC_SR04\HC_SR04.c       0x00000000   Number         0  hc_sr04.o ABSOLUTE
    project_1\SYSTEM\L298N\L298N.c           0x00000000   Number         0  l298n.o ABSOLUTE
    project_1\SYSTEM\N20\N20.c               0x00000000   Number         0  n20.o ABSOLUTE
    project_1\SYSTEM\bluetooth\bluetooth.c   0x00000000   Number         0  bluetooth.o ABSOLUTE
    project_1\SYSTEM\oled\io_i2c.c           0x00000000   Number         0  io_i2c.o ABSOLUTE
    project_1\SYSTEM\oled\oled.c             0x00000000   Number         0  oled.o ABSOLUTE
    project_1\\SYSTEM\\HC_SR04\\HC_SR04.c    0x00000000   Number         0  hc_sr04.o ABSOLUTE
    project_1\\SYSTEM\\L298N\\L298N.c        0x00000000   Number         0  l298n.o ABSOLUTE
    project_1\\SYSTEM\\N20\\N20.c            0x00000000   Number         0  n20.o ABSOLUTE
    project_1\\SYSTEM\\bluetooth\\bluetooth.c 0x00000000   Number         0  bluetooth.o ABSOLUTE
    project_1\\SYSTEM\\oled\\io_i2c.c        0x00000000   Number         0  io_i2c.o ABSOLUTE
    project_1\\SYSTEM\\oled\\oled.c          0x00000000   Number         0  oled.o ABSOLUTE
    project_1\\src\\DHT11.c                  0x00000000   Number         0  dht11.o ABSOLUTE
    project_1\\src\\MPU6050.c                0x00000000   Number         0  mpu6050.o ABSOLUTE
    project_1\\src\\SG90S.c                  0x00000000   Number         0  sg90s.o ABSOLUTE
    project_1\\src\\UART.c                   0x00000000   Number         0  uart.o ABSOLUTE
    project_1\\src\\W25Q128.c                0x00000000   Number         0  w25q128.o ABSOLUTE
    project_1\\src\\beep.c                   0x00000000   Number         0  beep.o ABSOLUTE
    project_1\\src\\delay.c                  0x00000000   Number         0  delay.o ABSOLUTE
    project_1\\src\\dog.c                    0x00000000   Number         0  dog.o ABSOLUTE
    project_1\\src\\key.c                    0x00000000   Number         0  key.o ABSOLUTE
    project_1\\src\\led_lib.c                0x00000000   Number         0  led_lib.o ABSOLUTE
    project_1\\src\\main.c                   0x00000000   Number         0  main.o ABSOLUTE
    project_1\\src\\my_delay.c               0x00000000   Number         0  my_delay.o ABSOLUTE
    project_1\\src\\my_i2c.c                 0x00000000   Number         0  my_i2c.o ABSOLUTE
    project_1\\src\\my_it.c                  0x00000000   Number         0  my_it.o ABSOLUTE
    project_1\\src\\stm32f4xx_it.c           0x00000000   Number         0  stm32f4xx_it.o ABSOLUTE
    project_1\\src\\system_stm32f4xx.c       0x00000000   Number         0  system_stm32f4xx.o ABSOLUTE
    project_1\\src\\tim.c                    0x00000000   Number         0  tim.o ABSOLUTE
    project_1\src\DHT11.c                    0x00000000   Number         0  dht11.o ABSOLUTE
    project_1\src\MPU6050.c                  0x00000000   Number         0  mpu6050.o ABSOLUTE
    project_1\src\SG90S.c                    0x00000000   Number         0  sg90s.o ABSOLUTE
    project_1\src\UART.c                     0x00000000   Number         0  uart.o ABSOLUTE
    project_1\src\W25Q128.c                  0x00000000   Number         0  w25q128.o ABSOLUTE
    project_1\src\beep.c                     0x00000000   Number         0  beep.o ABSOLUTE
    project_1\src\delay.c                    0x00000000   Number         0  delay.o ABSOLUTE
    project_1\src\dog.c                      0x00000000   Number         0  dog.o ABSOLUTE
    project_1\src\key.c                      0x00000000   Number         0  key.o ABSOLUTE
    project_1\src\led_lib.c                  0x00000000   Number         0  led_lib.o ABSOLUTE
    project_1\src\main.c                     0x00000000   Number         0  main.o ABSOLUTE
    project_1\src\my_delay.c                 0x00000000   Number         0  my_delay.o ABSOLUTE
    project_1\src\my_i2c.c                   0x00000000   Number         0  my_i2c.o ABSOLUTE
    project_1\src\my_it.c                    0x00000000   Number         0  my_it.o ABSOLUTE
    project_1\src\stm32f4xx_it.c             0x00000000   Number         0  stm32f4xx_it.o ABSOLUTE
    project_1\src\system_stm32f4xx.c         0x00000000   Number         0  system_stm32f4xx.o ABSOLUTE
    project_1\src\tim.c                      0x00000000   Number         0  tim.o ABSOLUTE
    RESET                                    0x08000000   Section      392  startup_stm32f40xx.o(RESET)
    .ARM.Collect$$$$00000000                 0x08000188   Section        0  entry.o(.ARM.Collect$$$$00000000)
    .ARM.Collect$$$$00000001                 0x08000188   Section        4  entry2.o(.ARM.Collect$$$$00000001)
    .ARM.Collect$$$$00000004                 0x0800018c   Section        4  entry5.o(.ARM.Collect$$$$00000004)
    .ARM.Collect$$$$00000008                 0x08000190   Section        0  entry7b.o(.ARM.Collect$$$$00000008)
    .ARM.Collect$$$$0000000A                 0x08000190   Section        0  entry8b.o(.ARM.Collect$$$$0000000A)
    .ARM.Collect$$$$0000000B                 0x08000190   Section        8  entry9a.o(.ARM.Collect$$$$0000000B)
    .ARM.Collect$$$$0000000D                 0x08000198   Section        0  entry10a.o(.ARM.Collect$$$$0000000D)
    .ARM.Collect$$$$0000000F                 0x08000198   Section        0  entry11a.o(.ARM.Collect$$$$0000000F)
    .ARM.Collect$$$$00002712                 0x08000198   Section        4  entry2.o(.ARM.Collect$$$$00002712)
    __lit__00000000                          0x08000198   Data           4  entry2.o(.ARM.Collect$$$$00002712)
    .text                                    0x0800019c   Section       36  startup_stm32f40xx.o(.text)
    $v0                                      0x0800019c   Number         0  startup_stm32f40xx.o(.text)
    .text                                    0x080001c0   Section        0  dmul.o(.text)
    .text                                    0x080002a4   Section        0  ddiv.o(.text)
    .text                                    0x08000382   Section        0  dflti.o(.text)
    .text                                    0x080003a4   Section        0  d2f.o(.text)
    .text                                    0x080003dc   Section        0  uldiv.o(.text)
    .text                                    0x0800043e   Section        0  fepilogue.o(.text)
    .text                                    0x0800043e   Section        0  iusefp.o(.text)
    .text                                    0x080004ac   Section        0  depilogue.o(.text)
    .text                                    0x08000568   Section       36  init.o(.text)
    .text                                    0x0800058c   Section        0  llshl.o(.text)
    .text                                    0x080005aa   Section        0  llushr.o(.text)
    .text                                    0x080005ca   Section        0  __dczerorl2.o(.text)
    i.BlueTooth_init                         0x08000620   Section        0  bluetooth.o(i.BlueTooth_init)
    i.BusFault_Handler                       0x080006d0   Section        0  stm32f4xx_it.o(i.BusFault_Handler)
    i.Car_ctrl                               0x080006d4   Section        0  n20.o(i.Car_ctrl)
    i.DHT11_in                               0x080008d4   Section        0  dht11.o(i.DHT11_in)
    i.DHT11_init_GetData                     0x08000900   Section        0  dht11.o(i.DHT11_init_GetData)
    i.DHT11_out                              0x080009a8   Section        0  dht11.o(i.DHT11_out)
    i.DHT11_read_bit                         0x080009d0   Section        0  dht11.o(i.DHT11_read_bit)
    i.DHT11_read_byte                        0x08000a40   Section        0  dht11.o(i.DHT11_read_byte)
    i.DHT11_respond                          0x08000a60   Section        0  dht11.o(i.DHT11_respond)
    i.DebugMon_Handler                       0x08000ab8   Section        0  stm32f4xx_it.o(i.DebugMon_Handler)
    i.EXTI0_IRQHandler                       0x08000aba   Section        0  my_it.o(i.EXTI0_IRQHandler)
    i.EXTI2_IRQHandler                       0x08000ad4   Section        0  my_it.o(i.EXTI2_IRQHandler)
    i.EXTI3_IRQHandler                       0x08000b04   Section        0  my_it.o(i.EXTI3_IRQHandler)
    i.EXTI4_IRQHandler                       0x08000b34   Section        0  my_it.o(i.EXTI4_IRQHandler)
    i.EXTI9_5_IRQHandler                     0x08000b98   Section        0  hc_sr04.o(i.EXTI9_5_IRQHandler)
    i.EXTI_ClearITPendingBit                 0x08000c68   Section        0  stm32f4xx_exti.o(i.EXTI_ClearITPendingBit)
    i.EXTI_GetITStatus                       0x08000c74   Section        0  stm32f4xx_exti.o(i.EXTI_GetITStatus)
    i.EXTI_Init                              0x08000c8c   Section        0  stm32f4xx_exti.o(i.EXTI_Init)
    i.Engine1_2_init                         0x08000d20   Section        0  n20.o(i.Engine1_2_init)
    i.Engine1_Slow_ctrl                      0x08000df0   Section        0  n20.o(i.Engine1_Slow_ctrl)
    i.Engine1_Speed_ctrl                     0x08000e8c   Section        0  n20.o(i.Engine1_Speed_ctrl)
    i.Engine1_Speed_ctrl_Stop                0x08000f58   Section        0  n20.o(i.Engine1_Speed_ctrl_Stop)
    i.Engine1_speed_ctrl_pending             0x08000f7c   Section        0  n20.o(i.Engine1_speed_ctrl_pending)
    i.Engine2_Slow_ctrl                      0x08000f94   Section        0  n20.o(i.Engine2_Slow_ctrl)
    i.Engine2_Speed_ctrl                     0x08001030   Section        0  n20.o(i.Engine2_Speed_ctrl)
    i.Engine2_Speed_ctrl_Stop                0x0800111c   Section        0  n20.o(i.Engine2_Speed_ctrl_Stop)
    i.Engine2_speed_ctrl_pending             0x08001140   Section        0  n20.o(i.Engine2_speed_ctrl_pending)
    i.Engine3_Slow_ctrl                      0x08001158   Section        0  n20.o(i.Engine3_Slow_ctrl)
    i.Engine3_Speed_ctrl                     0x080011f4   Section        0  n20.o(i.Engine3_Speed_ctrl)
    i.Engine3_Speed_ctrl_Stop                0x080012c0   Section        0  n20.o(i.Engine3_Speed_ctrl_Stop)
    i.Engine3_init                           0x080012e4   Section        0  n20.o(i.Engine3_init)
    i.Engine3_speed_ctrl_pending             0x08001390   Section        0  n20.o(i.Engine3_speed_ctrl_pending)
    i.Engine4_Slow_ctrl                      0x080013a8   Section        0  n20.o(i.Engine4_Slow_ctrl)
    i.Engine4_Speed_ctrl                     0x08001444   Section        0  n20.o(i.Engine4_Speed_ctrl)
    i.Engine4_Speed_ctrl_Stop                0x08001510   Section        0  n20.o(i.Engine4_Speed_ctrl_Stop)
    i.Engine4_init                           0x08001534   Section        0  n20.o(i.Engine4_init)
    i.Engine4_speed_ctrl_pending             0x080015e0   Section        0  n20.o(i.Engine4_speed_ctrl_pending)
    i.GPIO_Init                              0x080015f8   Section        0  stm32f4xx_gpio.o(i.GPIO_Init)
    i.GPIO_PinAFConfig                       0x08001688   Section        0  stm32f4xx_gpio.o(i.GPIO_PinAFConfig)
    i.GPIO_ReadInputDataBit                  0x080016ce   Section        0  stm32f4xx_gpio.o(i.GPIO_ReadInputDataBit)
    i.GPIO_ResetBits                         0x080016e0   Section        0  stm32f4xx_gpio.o(i.GPIO_ResetBits)
    i.GPIO_SetBits                           0x080016e4   Section        0  stm32f4xx_gpio.o(i.GPIO_SetBits)
    i.GPIO_ToggleBits                        0x080016e8   Section        0  stm32f4xx_gpio.o(i.GPIO_ToggleBits)
    i.HC_SR04_init                           0x080016f0   Section        0  hc_sr04.o(i.HC_SR04_init)
    i.HC_SR04_start                          0x08001788   Section        0  hc_sr04.o(i.HC_SR04_start)
    i.HardFault_Handler                      0x080017ac   Section        0  stm32f4xx_it.o(i.HardFault_Handler)
    i.MemManage_Handler                      0x080017b0   Section        0  stm32f4xx_it.o(i.MemManage_Handler)
    i.NMI_Handler                            0x080017b4   Section        0  stm32f4xx_it.o(i.NMI_Handler)
    i.NVIC_Init                              0x080017b8   Section        0  misc.o(i.NVIC_Init)
    i.NVIC_PriorityGroupConfig               0x08001830   Section        0  misc.o(i.NVIC_PriorityGroupConfig)
    i.OLED_CLS                               0x08001844   Section        0  oled.o(i.OLED_CLS)
    i.OLED_Fill                              0x0800184e   Section        0  oled.o(i.OLED_Fill)
    i.OLED_Fill_6_7                          0x08001888   Section        0  oled.o(i.OLED_Fill_6_7)
    i.OLED_SetPos                            0x080018c0   Section        0  oled.o(i.OLED_SetPos)
    i.OLED_ShowCN                            0x080018e8   Section        0  oled.o(i.OLED_ShowCN)
    i.OLED_ShowStr                           0x0800193c   Section        0  oled.o(i.OLED_ShowStr)
    i.PendSV_Handler                         0x08001a28   Section        0  stm32f4xx_it.o(i.PendSV_Handler)
    i.RCC_AHB1PeriphClockCmd                 0x08001a2c   Section        0  stm32f4xx_rcc.o(i.RCC_AHB1PeriphClockCmd)
    i.RCC_APB1PeriphClockCmd                 0x08001a4c   Section        0  stm32f4xx_rcc.o(i.RCC_APB1PeriphClockCmd)
    i.RCC_APB2PeriphClockCmd                 0x08001a6c   Section        0  stm32f4xx_rcc.o(i.RCC_APB2PeriphClockCmd)
    i.RCC_GetClocksFreq                      0x08001a8c   Section        0  stm32f4xx_rcc.o(i.RCC_GetClocksFreq)
    i.SDA_IO_Mode                            0x08001b74   Section        0  io_i2c.o(i.SDA_IO_Mode)
    SDA_IO_Mode                              0x08001b75   Thumb Code    42  io_i2c.o(i.SDA_IO_Mode)
    i.SVC_Handler                            0x08001ba4   Section        0  stm32f4xx_it.o(i.SVC_Handler)
    i.SYSCFG_EXTILineConfig                  0x08001ba8   Section        0  stm32f4xx_syscfg.o(i.SYSCFG_EXTILineConfig)
    i.SetSysClock                            0x08001be8   Section        0  system_stm32f4xx.o(i.SetSysClock)
    SetSysClock                              0x08001be9   Thumb Code   220  system_stm32f4xx.o(i.SetSysClock)
    i.SysTick_CLKSourceConfig                0x08001cd4   Section        0  misc.o(i.SysTick_CLKSourceConfig)
    i.SysTick_Handler                        0x08001cfc   Section        0  my_delay.o(i.SysTick_Handler)
    i.SystemInit                             0x08001d0c   Section        0  system_stm32f4xx.o(i.SystemInit)
    i.TIM8_UP_TIM13_IRQHandler               0x08001d74   Section        0  tim.o(i.TIM8_UP_TIM13_IRQHandler)
    i.TIM_ClearITPendingBit                  0x08001d9c   Section        0  stm32f4xx_tim.o(i.TIM_ClearITPendingBit)
    i.TIM_Cmd                                0x08001da2   Section        0  stm32f4xx_tim.o(i.TIM_Cmd)
    i.TIM_GetITStatus                        0x08001dba   Section        0  stm32f4xx_tim.o(i.TIM_GetITStatus)
    i.TIM_OC1Init                            0x08001ddc   Section        0  stm32f4xx_tim.o(i.TIM_OC1Init)
    i.TIM_OC2Init                            0x08001e58   Section        0  stm32f4xx_tim.o(i.TIM_OC2Init)
    i.TIM_OC3Init                            0x08001efc   Section        0  stm32f4xx_tim.o(i.TIM_OC3Init)
    i.TIM_OC4Init                            0x08001f9c   Section        0  stm32f4xx_tim.o(i.TIM_OC4Init)
    i.TIM_SetCompare1                        0x08002014   Section        0  stm32f4xx_tim.o(i.TIM_SetCompare1)
    i.TIM_SetCompare2                        0x08002018   Section        0  stm32f4xx_tim.o(i.TIM_SetCompare2)
    i.TIM_SetCompare3                        0x0800201c   Section        0  stm32f4xx_tim.o(i.TIM_SetCompare3)
    i.TIM_SetCompare4                        0x08002020   Section        0  stm32f4xx_tim.o(i.TIM_SetCompare4)
    i.TIM_TimeBaseInit                       0x08002024   Section        0  stm32f4xx_tim.o(i.TIM_TimeBaseInit)
    i.USART1_IRQHandler                      0x080020a8   Section        0  uart.o(i.USART1_IRQHandler)
    i.USART1_init                            0x080020dc   Section        0  uart.o(i.USART1_init)
    i.USART2_IRQHandler                      0x08002190   Section        0  bluetooth.o(i.USART2_IRQHandler)
    i.USART_ClearITPendingBit                0x080021d8   Section        0  stm32f4xx_usart.o(i.USART_ClearITPendingBit)
    i.USART_Cmd                              0x080021f6   Section        0  stm32f4xx_usart.o(i.USART_Cmd)
    i.USART_GetFlagStatus                    0x0800220e   Section        0  stm32f4xx_usart.o(i.USART_GetFlagStatus)
    i.USART_GetITStatus                      0x08002228   Section        0  stm32f4xx_usart.o(i.USART_GetITStatus)
    i.USART_ITConfig                         0x0800227c   Section        0  stm32f4xx_usart.o(i.USART_ITConfig)
    i.USART_Init                             0x080022c8   Section        0  stm32f4xx_usart.o(i.USART_Init)
    i.USART_ReceiveData                      0x0800239c   Section        0  stm32f4xx_usart.o(i.USART_ReceiveData)
    i.USART_SendData                         0x080023a6   Section        0  stm32f4xx_usart.o(i.USART_SendData)
    i.UsageFault_Handler                     0x080023ae   Section        0  stm32f4xx_it.o(i.UsageFault_Handler)
    i.__0printf$5                            0x080023b4   Section        0  printf5.o(i.__0printf$5)
    i.__0sprintf$5                           0x080023d4   Section        0  printf5.o(i.__0sprintf$5)
    i.__scatterload_copy                     0x080023fc   Section       14  handlers.o(i.__scatterload_copy)
    i.__scatterload_null                     0x0800240a   Section        2  handlers.o(i.__scatterload_null)
    i.__scatterload_zeroinit                 0x0800240c   Section       14  handlers.o(i.__scatterload_zeroinit)
    i._printf_core                           0x0800241c   Section        0  printf5.o(i._printf_core)
    _printf_core                             0x0800241d   Thumb Code   658  printf5.o(i._printf_core)
    i._sputc                                 0x080026dc   Section        0  printf5.o(i._sputc)
    _sputc                                   0x080026dd   Thumb Code    10  printf5.o(i._sputc)
    i.beep_ctrl                              0x080026e8   Section        0  beep.o(i.beep_ctrl)
    i.beep_init                              0x0800270c   Section        0  beep.o(i.beep_init)
    i.car_ahead                              0x08002744   Section        0  n20.o(i.car_ahead)
    i.car_back                               0x08002760   Section        0  n20.o(i.car_back)
    i.car_self_turn_left                     0x0800277c   Section        0  n20.o(i.car_self_turn_left)
    i.car_self_turn_right                    0x08002798   Section        0  n20.o(i.car_self_turn_right)
    i.car_stop                               0x080027b4   Section        0  n20.o(i.car_stop)
    i.center_ctrl                            0x080027c8   Section        0  bluetooth.o(i.center_ctrl)
    i.clear_speed                            0x08002864   Section        0  n20.o(i.clear_speed)
    i.danger_handler                         0x08002888   Section        0  n20.o(i.danger_handler)
    i.delay_init                             0x08002a60   Section        0  delay.o(i.delay_init)
    i.delay_ms                               0x08002a9c   Section        0  delay.o(i.delay_ms)
    i.delay_us                               0x08002ad4   Section        0  delay.o(i.delay_us)
    i.delay_xiaodou                          0x08002b20   Section        0  key.o(i.delay_xiaodou)
    i.delay_xms                              0x08002b3c   Section        0  delay.o(i.delay_xms)
    i.fputc                                  0x08002b88   Section        0  uart.o(i.fputc)
    i.i2c_init                               0x08002bac   Section        0  io_i2c.o(i.i2c_init)
    i.i2c_send_byte                          0x08002be0   Section        0  io_i2c.o(i.i2c_send_byte)
    i.i2c_start                              0x08002c48   Section        0  io_i2c.o(i.i2c_start)
    i.i2c_stop                               0x08002c78   Section        0  io_i2c.o(i.i2c_stop)
    i.i2c_wait_ack                           0x08002ca4   Section        0  io_i2c.o(i.i2c_wait_ack)
    i.is_key_num                             0x08002ce8   Section        0  key.o(i.is_key_num)
    i.key_it_init                            0x08002dec   Section        0  my_it.o(i.key_it_init)
    i.led_beep                               0x08002e8c   Section        0  n20.o(i.led_beep)
    i.led_beep_usart                         0x08002f14   Section        0  uart.o(i.led_beep_usart)
    i.led_ctrl                               0x08002f4c   Section        0  led_lib.o(i.led_ctrl)
    i.led_init                               0x08002fcc   Section        0  led_lib.o(i.led_init)
    i.main                                   0x0800303c   Section        0  main.o(i.main)
    i.oled_init                              0x08003110   Section        0  oled.o(i.oled_init)
    i.oled_write_cmd                         0x080031c0   Section        0  oled.o(i.oled_write_cmd)
    i.oled_write_data                        0x080031ec   Section        0  oled.o(i.oled_write_data)
    i.speed_ctrl                             0x08003218   Section        0  l298n.o(i.speed_ctrl)
    i.speed_ctrl_Stop                        0x080032ac   Section        0  l298n.o(i.speed_ctrl_Stop)
    i.speed_ctrl_pending                     0x080032d0   Section        0  l298n.o(i.speed_ctrl_pending)
    i.turn_left_back                         0x080032e8   Section        0  n20.o(i.turn_left_back)
    i.turn_left_head                         0x08003334   Section        0  n20.o(i.turn_left_head)
    i.turn_right_back                        0x08003380   Section        0  n20.o(i.turn_right_back)
    i.turn_right_head                        0x080033cc   Section        0  n20.o(i.turn_right_head)
    .constdata                               0x08003418   Section     2072  oled.o(.constdata)
    .data                                    0x20000000   Section       16  stm32f4xx_rcc.o(.data)
    APBAHBPrescTable                         0x20000000   Data          16  stm32f4xx_rcc.o(.data)
    .data                                    0x20000010   Section       24  main.o(.data)
    .data                                    0x20000028   Section        4  my_delay.o(.data)
    count                                    0x20000028   Data           4  my_delay.o(.data)
    .data                                    0x2000002c   Section        4  delay.o(.data)
    fac_us                                   0x2000002c   Data           1  delay.o(.data)
    fac_ms                                   0x2000002e   Data           2  delay.o(.data)
    .data                                    0x20000030   Section      544  oled.o(.data)
    .data                                    0x20000250   Section        4  l298n.o(.data)
    speed                                    0x20000250   Data           4  l298n.o(.data)
    .data                                    0x20000254   Section       16  n20.o(.data)
    Engine1_Speed                            0x20000254   Data           4  n20.o(.data)
    Engine2_Speed                            0x20000258   Data           4  n20.o(.data)
    Engine3_Speed                            0x2000025c   Data           4  n20.o(.data)
    Engine4_Speed                            0x20000260   Data           4  n20.o(.data)
    .data                                    0x20000264   Section        4  hc_sr04.o(.data)
    time                                     0x20000264   Data           4  hc_sr04.o(.data)
    .data                                    0x20000268   Section        4  stdout.o(.data)
    STACK                                    0x20000270   Section     1024  startup_stm32f40xx.o(STACK)

    Global Symbols

    Symbol Name                              Value     Ov Type        Size  Object(Section)

    BuildAttributes$$THM_ISAv4$E$P$D$K$B$S$7EM$VFPi3$EXTD16$VFPS$VFMA$PE$A:L22UL41UL21$X:L11$S22US41US21$IEEE1$IW$USESV6$~STKCKD$USESV7$~SHL$OTIME$ROPI$EBA8$MICROLIB$REQ8$PRES8$EABIv2 0x00000000   Number         0  anon$$obj.o ABSOLUTE
    __ARM_use_no_argv                        0x00000000   Number         0  main.o ABSOLUTE
    _printf_a                                0x00000000   Number         0  stubs.o ABSOLUTE
    _printf_c                                0x00000000   Number         0  stubs.o ABSOLUTE
    _printf_charcount                        0x00000000   Number         0  stubs.o ABSOLUTE
    _printf_d                                0x00000000   Number         0  stubs.o ABSOLUTE
    _printf_e                                0x00000000   Number         0  stubs.o ABSOLUTE
    _printf_f                                0x00000000   Number         0  stubs.o ABSOLUTE
    _printf_flags                            0x00000000   Number         0  stubs.o ABSOLUTE
    _printf_fp_dec                           0x00000000   Number         0  stubs.o ABSOLUTE
    _printf_fp_hex                           0x00000000   Number         0  stubs.o ABSOLUTE
    _printf_g                                0x00000000   Number         0  stubs.o ABSOLUTE
    _printf_i                                0x00000000   Number         0  stubs.o ABSOLUTE
    _printf_int_dec                          0x00000000   Number         0  stubs.o ABSOLUTE
    _printf_l                                0x00000000   Number         0  stubs.o ABSOLUTE
    _printf_lc                               0x00000000   Number         0  stubs.o ABSOLUTE
    _printf_ll                               0x00000000   Number         0  stubs.o ABSOLUTE
    _printf_lld                              0x00000000   Number         0  stubs.o ABSOLUTE
    _printf_lli                              0x00000000   Number         0  stubs.o ABSOLUTE
    _printf_llo                              0x00000000   Number         0  stubs.o ABSOLUTE
    _printf_llu                              0x00000000   Number         0  stubs.o ABSOLUTE
    _printf_llx                              0x00000000   Number         0  stubs.o ABSOLUTE
    _printf_longlong_dec                     0x00000000   Number         0  stubs.o ABSOLUTE
    _printf_longlong_hex                     0x00000000   Number         0  stubs.o ABSOLUTE
    _printf_longlong_oct                     0x00000000   Number         0  stubs.o ABSOLUTE
    _printf_ls                               0x00000000   Number         0  stubs.o ABSOLUTE
    _printf_mbtowc                           0x00000000   Number         0  stubs.o ABSOLUTE
    _printf_n                                0x00000000   Number         0  stubs.o ABSOLUTE
    _printf_o                                0x00000000   Number         0  stubs.o ABSOLUTE
    _printf_p                                0x00000000   Number         0  stubs.o ABSOLUTE
    _printf_percent                          0x00000000   Number         0  stubs.o ABSOLUTE
    _printf_pre_padding                      0x00000000   Number         0  stubs.o ABSOLUTE
    _printf_return_value                     0x00000000   Number         0  stubs.o ABSOLUTE
    _printf_s                                0x00000000   Number         0  stubs.o ABSOLUTE
    _printf_sizespec                         0x00000000   Number         0  stubs.o ABSOLUTE
    _printf_str                              0x00000000   Number         0  stubs.o ABSOLUTE
    _printf_truncate_signed                  0x00000000   Number         0  stubs.o ABSOLUTE
    _printf_truncate_unsigned                0x00000000   Number         0  stubs.o ABSOLUTE
    _printf_u                                0x00000000   Number         0  stubs.o ABSOLUTE
    _printf_wc                               0x00000000   Number         0  stubs.o ABSOLUTE
    _printf_wctomb                           0x00000000   Number         0  stubs.o ABSOLUTE
    _printf_widthprec                        0x00000000   Number         0  stubs.o ABSOLUTE
    _printf_x                                0x00000000   Number         0  stubs.o ABSOLUTE
    __cpp_initialize__aeabi_                  - Undefined Weak Reference
    __cxa_finalize                            - Undefined Weak Reference
    _clock_init                               - Undefined Weak Reference
    _microlib_exit                            - Undefined Weak Reference
    __Vectors_Size                           0x00000188   Number         0  startup_stm32f40xx.o ABSOLUTE
    __Vectors                                0x08000000   Data           4  startup_stm32f40xx.o(RESET)
    __Vectors_End                            0x08000188   Data           0  startup_stm32f40xx.o(RESET)
    __main                                   0x08000189   Thumb Code     0  entry.o(.ARM.Collect$$$$00000000)
    _main_stk                                0x08000189   Thumb Code     0  entry2.o(.ARM.Collect$$$$00000001)
    _main_scatterload                        0x0800018d   Thumb Code     0  entry5.o(.ARM.Collect$$$$00000004)
    __main_after_scatterload                 0x08000191   Thumb Code     0  entry5.o(.ARM.Collect$$$$00000004)
    _main_clock                              0x08000191   Thumb Code     0  entry7b.o(.ARM.Collect$$$$00000008)
    _main_cpp_init                           0x08000191   Thumb Code     0  entry8b.o(.ARM.Collect$$$$0000000A)
    _main_init                               0x08000191   Thumb Code     0  entry9a.o(.ARM.Collect$$$$0000000B)
    __rt_final_cpp                           0x08000199   Thumb Code     0  entry10a.o(.ARM.Collect$$$$0000000D)
    __rt_final_exit                          0x08000199   Thumb Code     0  entry11a.o(.ARM.Collect$$$$0000000F)
    Reset_Handler                            0x0800019d   Thumb Code     8  startup_stm32f40xx.o(.text)
    ADC_IRQHandler                           0x080001b7   Thumb Code     0  startup_stm32f40xx.o(.text)
    CAN1_RX0_IRQHandler                      0x080001b7   Thumb Code     0  startup_stm32f40xx.o(.text)
    CAN1_RX1_IRQHandler                      0x080001b7   Thumb Code     0  startup_stm32f40xx.o(.text)
    CAN1_SCE_IRQHandler                      0x080001b7   Thumb Code     0  startup_stm32f40xx.o(.text)
    CAN1_TX_IRQHandler                       0x080001b7   Thumb Code     0  startup_stm32f40xx.o(.text)
    CAN2_RX0_IRQHandler                      0x080001b7   Thumb Code     0  startup_stm32f40xx.o(.text)
    CAN2_RX1_IRQHandler                      0x080001b7   Thumb Code     0  startup_stm32f40xx.o(.text)
    CAN2_SCE_IRQHandler                      0x080001b7   Thumb Code     0  startup_stm32f40xx.o(.text)
    CAN2_TX_IRQHandler                       0x080001b7   Thumb Code     0  startup_stm32f40xx.o(.text)
    CRYP_IRQHandler                          0x080001b7   Thumb Code     0  startup_stm32f40xx.o(.text)
    DCMI_IRQHandler                          0x080001b7   Thumb Code     0  startup_stm32f40xx.o(.text)
    DMA1_Stream0_IRQHandler                  0x080001b7   Thumb Code     0  startup_stm32f40xx.o(.text)
    DMA1_Stream1_IRQHandler                  0x080001b7   Thumb Code     0  startup_stm32f40xx.o(.text)
    DMA1_Stream2_IRQHandler                  0x080001b7   Thumb Code     0  startup_stm32f40xx.o(.text)
    DMA1_Stream3_IRQHandler                  0x080001b7   Thumb Code     0  startup_stm32f40xx.o(.text)
    DMA1_Stream4_IRQHandler                  0x080001b7   Thumb Code     0  startup_stm32f40xx.o(.text)
    DMA1_Stream5_IRQHandler                  0x080001b7   Thumb Code     0  startup_stm32f40xx.o(.text)
    DMA1_Stream6_IRQHandler                  0x080001b7   Thumb Code     0  startup_stm32f40xx.o(.text)
    DMA1_Stream7_IRQHandler                  0x080001b7   Thumb Code     0  startup_stm32f40xx.o(.text)
    DMA2_Stream0_IRQHandler                  0x080001b7   Thumb Code     0  startup_stm32f40xx.o(.text)
    DMA2_Stream1_IRQHandler                  0x080001b7   Thumb Code     0  startup_stm32f40xx.o(.text)
    DMA2_Stream2_IRQHandler                  0x080001b7   Thumb Code     0  startup_stm32f40xx.o(.text)
    DMA2_Stream3_IRQHandler                  0x080001b7   Thumb Code     0  startup_stm32f40xx.o(.text)
    DMA2_Stream4_IRQHandler                  0x080001b7   Thumb Code     0  startup_stm32f40xx.o(.text)
    DMA2_Stream5_IRQHandler                  0x080001b7   Thumb Code     0  startup_stm32f40xx.o(.text)
    DMA2_Stream6_IRQHandler                  0x080001b7   Thumb Code     0  startup_stm32f40xx.o(.text)
    DMA2_Stream7_IRQHandler                  0x080001b7   Thumb Code     0  startup_stm32f40xx.o(.text)
    ETH_IRQHandler                           0x080001b7   Thumb Code     0  startup_stm32f40xx.o(.text)
    ETH_WKUP_IRQHandler                      0x080001b7   Thumb Code     0  startup_stm32f40xx.o(.text)
    EXTI15_10_IRQHandler                     0x080001b7   Thumb Code     0  startup_stm32f40xx.o(.text)
    EXTI1_IRQHandler                         0x080001b7   Thumb Code     0  startup_stm32f40xx.o(.text)
    FLASH_IRQHandler                         0x080001b7   Thumb Code     0  startup_stm32f40xx.o(.text)
    FPU_IRQHandler                           0x080001b7   Thumb Code     0  startup_stm32f40xx.o(.text)
    FSMC_IRQHandler                          0x080001b7   Thumb Code     0  startup_stm32f40xx.o(.text)
    HASH_RNG_IRQHandler                      0x080001b7   Thumb Code     0  startup_stm32f40xx.o(.text)
    I2C1_ER_IRQHandler                       0x080001b7   Thumb Code     0  startup_stm32f40xx.o(.text)
    I2C1_EV_IRQHandler                       0x080001b7   Thumb Code     0  startup_stm32f40xx.o(.text)
    I2C2_ER_IRQHandler                       0x080001b7   Thumb Code     0  startup_stm32f40xx.o(.text)
    I2C2_EV_IRQHandler                       0x080001b7   Thumb Code     0  startup_stm32f40xx.o(.text)
    I2C3_ER_IRQHandler                       0x080001b7   Thumb Code     0  startup_stm32f40xx.o(.text)
    I2C3_EV_IRQHandler                       0x080001b7   Thumb Code     0  startup_stm32f40xx.o(.text)
    OTG_FS_IRQHandler                        0x080001b7   Thumb Code     0  startup_stm32f40xx.o(.text)
    OTG_FS_WKUP_IRQHandler                   0x080001b7   Thumb Code     0  startup_stm32f40xx.o(.text)
    OTG_HS_EP1_IN_IRQHandler                 0x080001b7   Thumb Code     0  startup_stm32f40xx.o(.text)
    OTG_HS_EP1_OUT_IRQHandler                0x080001b7   Thumb Code     0  startup_stm32f40xx.o(.text)
    OTG_HS_IRQHandler                        0x080001b7   Thumb Code     0  startup_stm32f40xx.o(.text)
    OTG_HS_WKUP_IRQHandler                   0x080001b7   Thumb Code     0  startup_stm32f40xx.o(.text)
    PVD_IRQHandler                           0x080001b7   Thumb Code     0  startup_stm32f40xx.o(.text)
    RCC_IRQHandler                           0x080001b7   Thumb Code     0  startup_stm32f40xx.o(.text)
    RTC_Alarm_IRQHandler                     0x080001b7   Thumb Code     0  startup_stm32f40xx.o(.text)
    RTC_WKUP_IRQHandler                      0x080001b7   Thumb Code     0  startup_stm32f40xx.o(.text)
    SDIO_IRQHandler                          0x080001b7   Thumb Code     0  startup_stm32f40xx.o(.text)
    SPI1_IRQHandler                          0x080001b7   Thumb Code     0  startup_stm32f40xx.o(.text)
    SPI2_IRQHandler                          0x080001b7   Thumb Code     0  startup_stm32f40xx.o(.text)
    SPI3_IRQHandler                          0x080001b7   Thumb Code     0  startup_stm32f40xx.o(.text)
    TAMP_STAMP_IRQHandler                    0x080001b7   Thumb Code     0  startup_stm32f40xx.o(.text)
    TIM1_BRK_TIM9_IRQHandler                 0x080001b7   Thumb Code     0  startup_stm32f40xx.o(.text)
    TIM1_CC_IRQHandler                       0x080001b7   Thumb Code     0  startup_stm32f40xx.o(.text)
    TIM1_TRG_COM_TIM11_IRQHandler            0x080001b7   Thumb Code     0  startup_stm32f40xx.o(.text)
    TIM1_UP_TIM10_IRQHandler                 0x080001b7   Thumb Code     0  startup_stm32f40xx.o(.text)
    TIM2_IRQHandler                          0x080001b7   Thumb Code     0  startup_stm32f40xx.o(.text)
    TIM3_IRQHandler                          0x080001b7   Thumb Code     0  startup_stm32f40xx.o(.text)
    TIM4_IRQHandler                          0x080001b7   Thumb Code     0  startup_stm32f40xx.o(.text)
    TIM5_IRQHandler                          0x080001b7   Thumb Code     0  startup_stm32f40xx.o(.text)
    TIM6_DAC_IRQHandler                      0x080001b7   Thumb Code     0  startup_stm32f40xx.o(.text)
    TIM7_IRQHandler                          0x080001b7   Thumb Code     0  startup_stm32f40xx.o(.text)
    TIM8_BRK_TIM12_IRQHandler                0x080001b7   Thumb Code     0  startup_stm32f40xx.o(.text)
    TIM8_CC_IRQHandler                       0x080001b7   Thumb Code     0  startup_stm32f40xx.o(.text)
    TIM8_TRG_COM_TIM14_IRQHandler            0x080001b7   Thumb Code     0  startup_stm32f40xx.o(.text)
    UART4_IRQHandler                         0x080001b7   Thumb Code     0  startup_stm32f40xx.o(.text)
    UART5_IRQHandler                         0x080001b7   Thumb Code     0  startup_stm32f40xx.o(.text)
    USART3_IRQHandler                        0x080001b7   Thumb Code     0  startup_stm32f40xx.o(.text)
    USART6_IRQHandler                        0x080001b7   Thumb Code     0  startup_stm32f40xx.o(.text)
    WWDG_IRQHandler                          0x080001b7   Thumb Code     0  startup_stm32f40xx.o(.text)
    __aeabi_dmul                             0x080001c1   Thumb Code   228  dmul.o(.text)
    __aeabi_ddiv                             0x080002a5   Thumb Code   222  ddiv.o(.text)
    __aeabi_i2d                              0x08000383   Thumb Code    34  dflti.o(.text)
    __aeabi_d2f                              0x080003a5   Thumb Code    56  d2f.o(.text)
    __aeabi_uldivmod                         0x080003dd   Thumb Code    98  uldiv.o(.text)
    __I$use$fp                               0x0800043f   Thumb Code     0  iusefp.o(.text)
    _float_round                             0x0800043f   Thumb Code    18  fepilogue.o(.text)
    _float_epilogue                          0x08000451   Thumb Code    92  fepilogue.o(.text)
    _double_round                            0x080004ad   Thumb Code    30  depilogue.o(.text)
    _double_epilogue                         0x080004cb   Thumb Code   156  depilogue.o(.text)
    __scatterload                            0x08000569   Thumb Code    28  init.o(.text)
    __scatterload_rt2                        0x08000569   Thumb Code     0  init.o(.text)
    __aeabi_llsl                             0x0800058d   Thumb Code    30  llshl.o(.text)
    _ll_shift_l                              0x0800058d   Thumb Code     0  llshl.o(.text)
    __aeabi_llsr                             0x080005ab   Thumb Code    32  llushr.o(.text)
    _ll_ushift_r                             0x080005ab   Thumb Code     0  llushr.o(.text)
    __decompress                             0x080005cb   Thumb Code     0  __dczerorl2.o(.text)
    __decompress1                            0x080005cb   Thumb Code    86  __dczerorl2.o(.text)
    BlueTooth_init                           0x08000621   Thumb Code   168  bluetooth.o(i.BlueTooth_init)
    BusFault_Handler                         0x080006d1   Thumb Code     4  stm32f4xx_it.o(i.BusFault_Handler)
    Car_ctrl                                 0x080006d5   Thumb Code   394  n20.o(i.Car_ctrl)
    DHT11_in                                 0x080008d5   Thumb Code    38  dht11.o(i.DHT11_in)
    DHT11_init_GetData                       0x08000901   Thumb Code   138  dht11.o(i.DHT11_init_GetData)
    DHT11_out                                0x080009a9   Thumb Code    36  dht11.o(i.DHT11_out)
    DHT11_read_bit                           0x080009d1   Thumb Code    90  dht11.o(i.DHT11_read_bit)
    DHT11_read_byte                          0x08000a41   Thumb Code    30  dht11.o(i.DHT11_read_byte)
    DHT11_respond                            0x08000a61   Thumb Code    82  dht11.o(i.DHT11_respond)
    DebugMon_Handler                         0x08000ab9   Thumb Code     2  stm32f4xx_it.o(i.DebugMon_Handler)
    EXTI0_IRQHandler                         0x08000abb   Thumb Code    24  my_it.o(i.EXTI0_IRQHandler)
    EXTI2_IRQHandler                         0x08000ad5   Thumb Code    40  my_it.o(i.EXTI2_IRQHandler)
    EXTI3_IRQHandler                         0x08000b05   Thumb Code    38  my_it.o(i.EXTI3_IRQHandler)
    EXTI4_IRQHandler                         0x08000b35   Thumb Code    78  my_it.o(i.EXTI4_IRQHandler)
    EXTI9_5_IRQHandler                       0x08000b99   Thumb Code   164  hc_sr04.o(i.EXTI9_5_IRQHandler)
    EXTI_ClearITPendingBit                   0x08000c69   Thumb Code     6  stm32f4xx_exti.o(i.EXTI_ClearITPendingBit)
    EXTI_GetITStatus                         0x08000c75   Thumb Code    20  stm32f4xx_exti.o(i.EXTI_GetITStatus)
    EXTI_Init                                0x08000c8d   Thumb Code   142  stm32f4xx_exti.o(i.EXTI_Init)
    Engine1_2_init                           0x08000d21   Thumb Code   200  n20.o(i.Engine1_2_init)
    Engine1_Slow_ctrl                        0x08000df1   Thumb Code   126  n20.o(i.Engine1_Slow_ctrl)
    Engine1_Speed_ctrl                       0x08000e8d   Thumb Code   174  n20.o(i.Engine1_Speed_ctrl)
    Engine1_Speed_ctrl_Stop                  0x08000f59   Thumb Code    26  n20.o(i.Engine1_Speed_ctrl_Stop)
    Engine1_speed_ctrl_pending               0x08000f7d   Thumb Code    20  n20.o(i.Engine1_speed_ctrl_pending)
    Engine2_Slow_ctrl                        0x08000f95   Thumb Code   126  n20.o(i.Engine2_Slow_ctrl)
    Engine2_Speed_ctrl                       0x08001031   Thumb Code   184  n20.o(i.Engine2_Speed_ctrl)
    Engine2_Speed_ctrl_Stop                  0x0800111d   Thumb Code    26  n20.o(i.Engine2_Speed_ctrl_Stop)
    Engine2_speed_ctrl_pending               0x08001141   Thumb Code    20  n20.o(i.Engine2_speed_ctrl_pending)
    Engine3_Slow_ctrl                        0x08001159   Thumb Code   126  n20.o(i.Engine3_Slow_ctrl)
    Engine3_Speed_ctrl                       0x080011f5   Thumb Code   174  n20.o(i.Engine3_Speed_ctrl)
    Engine3_Speed_ctrl_Stop                  0x080012c1   Thumb Code    26  n20.o(i.Engine3_Speed_ctrl_Stop)
    Engine3_init                             0x080012e5   Thumb Code   162  n20.o(i.Engine3_init)
    Engine3_speed_ctrl_pending               0x08001391   Thumb Code    20  n20.o(i.Engine3_speed_ctrl_pending)
    Engine4_Slow_ctrl                        0x080013a9   Thumb Code   126  n20.o(i.Engine4_Slow_ctrl)
    Engine4_Speed_ctrl                       0x08001445   Thumb Code   174  n20.o(i.Engine4_Speed_ctrl)
    Engine4_Speed_ctrl_Stop                  0x08001511   Thumb Code    26  n20.o(i.Engine4_Speed_ctrl_Stop)
    Engine4_init                             0x08001535   Thumb Code   164  n20.o(i.Engine4_init)
    Engine4_speed_ctrl_pending               0x080015e1   Thumb Code    20  n20.o(i.Engine4_speed_ctrl_pending)
    GPIO_Init                                0x080015f9   Thumb Code   144  stm32f4xx_gpio.o(i.GPIO_Init)
    GPIO_PinAFConfig                         0x08001689   Thumb Code    70  stm32f4xx_gpio.o(i.GPIO_PinAFConfig)
    GPIO_ReadInputDataBit                    0x080016cf   Thumb Code    18  stm32f4xx_gpio.o(i.GPIO_ReadInputDataBit)
    GPIO_ResetBits                           0x080016e1   Thumb Code     4  stm32f4xx_gpio.o(i.GPIO_ResetBits)
    GPIO_SetBits                             0x080016e5   Thumb Code     4  stm32f4xx_gpio.o(i.GPIO_SetBits)
    GPIO_ToggleBits                          0x080016e9   Thumb Code     8  stm32f4xx_gpio.o(i.GPIO_ToggleBits)
    HC_SR04_init                             0x080016f1   Thumb Code   148  hc_sr04.o(i.HC_SR04_init)
    HC_SR04_start                            0x08001789   Thumb Code    30  hc_sr04.o(i.HC_SR04_start)
    HardFault_Handler                        0x080017ad   Thumb Code     4  stm32f4xx_it.o(i.HardFault_Handler)
    MemManage_Handler                        0x080017b1   Thumb Code     4  stm32f4xx_it.o(i.MemManage_Handler)
    NMI_Handler                              0x080017b5   Thumb Code     2  stm32f4xx_it.o(i.NMI_Handler)
    NVIC_Init                                0x080017b9   Thumb Code   106  misc.o(i.NVIC_Init)
    NVIC_PriorityGroupConfig                 0x08001831   Thumb Code    10  misc.o(i.NVIC_PriorityGroupConfig)
    OLED_CLS                                 0x08001845   Thumb Code    10  oled.o(i.OLED_CLS)
    OLED_Fill                                0x0800184f   Thumb Code    58  oled.o(i.OLED_Fill)
    OLED_Fill_6_7                            0x08001889   Thumb Code    56  oled.o(i.OLED_Fill_6_7)
    OLED_SetPos                              0x080018c1   Thumb Code    40  oled.o(i.OLED_SetPos)
    OLED_ShowCN                              0x080018e9   Thumb Code    80  oled.o(i.OLED_ShowCN)
    OLED_ShowStr                             0x0800193d   Thumb Code   228  oled.o(i.OLED_ShowStr)
    PendSV_Handler                           0x08001a29   Thumb Code     2  stm32f4xx_it.o(i.PendSV_Handler)
    RCC_AHB1PeriphClockCmd                   0x08001a2d   Thumb Code    26  stm32f4xx_rcc.o(i.RCC_AHB1PeriphClockCmd)
    RCC_APB1PeriphClockCmd                   0x08001a4d   Thumb Code    26  stm32f4xx_rcc.o(i.RCC_APB1PeriphClockCmd)
    RCC_APB2PeriphClockCmd                   0x08001a6d   Thumb Code    26  stm32f4xx_rcc.o(i.RCC_APB2PeriphClockCmd)
    RCC_GetClocksFreq                        0x08001a8d   Thumb Code   214  stm32f4xx_rcc.o(i.RCC_GetClocksFreq)
    SVC_Handler                              0x08001ba5   Thumb Code     2  stm32f4xx_it.o(i.SVC_Handler)
    SYSCFG_EXTILineConfig                    0x08001ba9   Thumb Code    60  stm32f4xx_syscfg.o(i.SYSCFG_EXTILineConfig)
    SysTick_CLKSourceConfig                  0x08001cd5   Thumb Code    40  misc.o(i.SysTick_CLKSourceConfig)
    SysTick_Handler                          0x08001cfd   Thumb Code    12  my_delay.o(i.SysTick_Handler)
    SystemInit                               0x08001d0d   Thumb Code    88  system_stm32f4xx.o(i.SystemInit)
    TIM8_UP_TIM13_IRQHandler                 0x08001d75   Thumb Code    32  tim.o(i.TIM8_UP_TIM13_IRQHandler)
    TIM_ClearITPendingBit                    0x08001d9d   Thumb Code     6  stm32f4xx_tim.o(i.TIM_ClearITPendingBit)
    TIM_Cmd                                  0x08001da3   Thumb Code    24  stm32f4xx_tim.o(i.TIM_Cmd)
    TIM_GetITStatus                          0x08001dbb   Thumb Code    34  stm32f4xx_tim.o(i.TIM_GetITStatus)
    TIM_OC1Init                              0x08001ddd   Thumb Code   114  stm32f4xx_tim.o(i.TIM_OC1Init)
    TIM_OC2Init                              0x08001e59   Thumb Code   154  stm32f4xx_tim.o(i.TIM_OC2Init)
    TIM_OC3Init                              0x08001efd   Thumb Code   150  stm32f4xx_tim.o(i.TIM_OC3Init)
    TIM_OC4Init                              0x08001f9d   Thumb Code   112  stm32f4xx_tim.o(i.TIM_OC4Init)
    TIM_SetCompare1                          0x08002015   Thumb Code     4  stm32f4xx_tim.o(i.TIM_SetCompare1)
    TIM_SetCompare2                          0x08002019   Thumb Code     4  stm32f4xx_tim.o(i.TIM_SetCompare2)
    TIM_SetCompare3                          0x0800201d   Thumb Code     4  stm32f4xx_tim.o(i.TIM_SetCompare3)
    TIM_SetCompare4                          0x08002021   Thumb Code     4  stm32f4xx_tim.o(i.TIM_SetCompare4)
    TIM_TimeBaseInit                         0x08002025   Thumb Code   104  stm32f4xx_tim.o(i.TIM_TimeBaseInit)
    USART1_IRQHandler                        0x080020a9   Thumb Code    44  uart.o(i.USART1_IRQHandler)
    USART1_init                              0x080020dd   Thumb Code   170  uart.o(i.USART1_init)
    USART2_IRQHandler                        0x08002191   Thumb Code    56  bluetooth.o(i.USART2_IRQHandler)
    USART_ClearITPendingBit                  0x080021d9   Thumb Code    30  stm32f4xx_usart.o(i.USART_ClearITPendingBit)
    USART_Cmd                                0x080021f7   Thumb Code    24  stm32f4xx_usart.o(i.USART_Cmd)
    USART_GetFlagStatus                      0x0800220f   Thumb Code    26  stm32f4xx_usart.o(i.USART_GetFlagStatus)
    USART_GetITStatus                        0x08002229   Thumb Code    84  stm32f4xx_usart.o(i.USART_GetITStatus)
    USART_ITConfig                           0x0800227d   Thumb Code    74  stm32f4xx_usart.o(i.USART_ITConfig)
    USART_Init                               0x080022c9   Thumb Code   204  stm32f4xx_usart.o(i.USART_Init)
    USART_ReceiveData                        0x0800239d   Thumb Code    10  stm32f4xx_usart.o(i.USART_ReceiveData)
    USART_SendData                           0x080023a7   Thumb Code     8  stm32f4xx_usart.o(i.USART_SendData)
    UsageFault_Handler                       0x080023af   Thumb Code     4  stm32f4xx_it.o(i.UsageFault_Handler)
    __0printf$5                              0x080023b5   Thumb Code    22  printf5.o(i.__0printf$5)
    __1printf$5                              0x080023b5   Thumb Code     0  printf5.o(i.__0printf$5)
    __2printf                                0x080023b5   Thumb Code     0  printf5.o(i.__0printf$5)
    __0sprintf$5                             0x080023d5   Thumb Code    34  printf5.o(i.__0sprintf$5)
    __1sprintf$5                             0x080023d5   Thumb Code     0  printf5.o(i.__0sprintf$5)
    __2sprintf                               0x080023d5   Thumb Code     0  printf5.o(i.__0sprintf$5)
    __scatterload_copy                       0x080023fd   Thumb Code    14  handlers.o(i.__scatterload_copy)
    __scatterload_null                       0x0800240b   Thumb Code     2  handlers.o(i.__scatterload_null)
    __scatterload_zeroinit                   0x0800240d   Thumb Code    14  handlers.o(i.__scatterload_zeroinit)
    beep_ctrl                                0x080026e9   Thumb Code    30  beep.o(i.beep_ctrl)
    beep_init                                0x0800270d   Thumb Code    50  beep.o(i.beep_init)
    car_ahead                                0x08002745   Thumb Code    28  n20.o(i.car_ahead)
    car_back                                 0x08002761   Thumb Code    28  n20.o(i.car_back)
    car_self_turn_left                       0x0800277d   Thumb Code    28  n20.o(i.car_self_turn_left)
    car_self_turn_right                      0x08002799   Thumb Code    28  n20.o(i.car_self_turn_right)
    car_stop                                 0x080027b5   Thumb Code    20  n20.o(i.car_stop)
    center_ctrl                              0x080027c9   Thumb Code   132  bluetooth.o(i.center_ctrl)
    clear_speed                              0x08002865   Thumb Code    20  n20.o(i.clear_speed)
    danger_handler                           0x08002889   Thumb Code   428  n20.o(i.danger_handler)
    delay_init                               0x08002a61   Thumb Code    52  delay.o(i.delay_init)
    delay_ms                                 0x08002a9d   Thumb Code    56  delay.o(i.delay_ms)
    delay_us                                 0x08002ad5   Thumb Code    72  delay.o(i.delay_us)
    delay_xiaodou                            0x08002b21   Thumb Code    28  key.o(i.delay_xiaodou)
    delay_xms                                0x08002b3d   Thumb Code    72  delay.o(i.delay_xms)
    fputc                                    0x08002b89   Thumb Code    32  uart.o(i.fputc)
    i2c_init                                 0x08002bad   Thumb Code    48  io_i2c.o(i.i2c_init)
    i2c_send_byte                            0x08002be1   Thumb Code    96  io_i2c.o(i.i2c_send_byte)
    i2c_start                                0x08002c49   Thumb Code    40  io_i2c.o(i.i2c_start)
    i2c_stop                                 0x08002c79   Thumb Code    36  io_i2c.o(i.i2c_stop)
    i2c_wait_ack                             0x08002ca5   Thumb Code    60  io_i2c.o(i.i2c_wait_ack)
    is_key_num                               0x08002ce9   Thumb Code   250  key.o(i.is_key_num)
    key_it_init                              0x08002ded   Thumb Code   158  my_it.o(i.key_it_init)
    led_beep                                 0x08002e8d   Thumb Code   128  n20.o(i.led_beep)
    led_beep_usart                           0x08002f15   Thumb Code    56  uart.o(i.led_beep_usart)
    led_ctrl                                 0x08002f4d   Thumb Code   120  led_lib.o(i.led_ctrl)
    led_init                                 0x08002fcd   Thumb Code   104  led_lib.o(i.led_init)
    main                                     0x0800303d   Thumb Code   176  main.o(i.main)
    oled_init                                0x08003111   Thumb Code   176  oled.o(i.oled_init)
    oled_write_cmd                           0x080031c1   Thumb Code    44  oled.o(i.oled_write_cmd)
    oled_write_data                          0x080031ed   Thumb Code    44  oled.o(i.oled_write_data)
    speed_ctrl                               0x08003219   Thumb Code   126  l298n.o(i.speed_ctrl)
    speed_ctrl_Stop                          0x080032ad   Thumb Code    26  l298n.o(i.speed_ctrl_Stop)
    speed_ctrl_pending                       0x080032d1   Thumb Code    20  l298n.o(i.speed_ctrl_pending)
    turn_left_back                           0x080032e9   Thumb Code    64  n20.o(i.turn_left_back)
    turn_left_head                           0x08003335   Thumb Code    62  n20.o(i.turn_left_head)
    turn_right_back                          0x08003381   Thumb Code    64  n20.o(i.turn_right_back)
    turn_right_head                          0x080033cd   Thumb Code    62  n20.o(i.turn_right_head)
    F6x8                                     0x08003418   Data         552  oled.o(.constdata)
    F8X16                                    0x08003640   Data        1520  oled.o(.constdata)
    Region$$Table$$Base                      0x08003c30   Number         0  anon$$obj.o(Region$$Table)
    Region$$Table$$Limit                     0x08003c50   Number         0  anon$$obj.o(Region$$Table)
    ch_usart1                                0x20000010   Data           2  main.o(.data)
    car_mode                                 0x20000012   Data           1  main.o(.data)
    cur_mode                                 0x20000013   Data           1  main.o(.data)
    distance                                 0x20000014   Data           4  main.o(.data)
    flag_danger                              0x20000018   Data           4  main.o(.data)
    flag_dead                                0x2000001c   Data           4  main.o(.data)
    DHT11_struct                             0x20000020   Data           8  main.o(.data)
    F16x16                                   0x20000030   Data         544  oled.o(.data)
    __stdout                                 0x20000268   Data           4  stdout.o(.data)
    __initial_sp                             0x20000670   Data           0  startup_stm32f40xx.o(STACK)



==============================================================================

Memory Map of the image

  Image Entry point : 0x08000189

  Load Region LR_IROM1 (Base: 0x08000000, Size: 0x00003ebc, Max: 0x00080000, ABSOLUTE, COMPRESSED[0x00003e14])

    Execution Region ER_IROM1 (Base: 0x08000000, Size: 0x00003c50, Max: 0x00080000, ABSOLUTE)

    Base Addr    Size         Type   Attr      Idx    E Section Name        Object

    0x08000000   0x00000188   Data   RO            3    RESET               startup_stm32f40xx.o
    0x08000188   0x00000000   Code   RO         6574  * .ARM.Collect$$$$00000000  mc_w.l(entry.o)
    0x08000188   0x00000004   Code   RO         6850    .ARM.Collect$$$$00000001  mc_w.l(entry2.o)
    0x0800018c   0x00000004   Code   RO         6853    .ARM.Collect$$$$00000004  mc_w.l(entry5.o)
    0x08000190   0x00000000   Code   RO         6855    .ARM.Collect$$$$00000008  mc_w.l(entry7b.o)
    0x08000190   0x00000000   Code   RO         6857    .ARM.Collect$$$$0000000A  mc_w.l(entry8b.o)
    0x08000190   0x00000008   Code   RO         6858    .ARM.Collect$$$$0000000B  mc_w.l(entry9a.o)
    0x08000198   0x00000000   Code   RO         6860    .ARM.Collect$$$$0000000D  mc_w.l(entry10a.o)
    0x08000198   0x00000000   Code   RO         6862    .ARM.Collect$$$$0000000F  mc_w.l(entry11a.o)
    0x08000198   0x00000004   Code   RO         6851    .ARM.Collect$$$$00002712  mc_w.l(entry2.o)
    0x0800019c   0x00000024   Code   RO            4    .text               startup_stm32f40xx.o
    0x080001c0   0x000000e4   Code   RO         6842    .text               mf_w.l(dmul.o)
    0x080002a4   0x000000de   Code   RO         6844    .text               mf_w.l(ddiv.o)
    0x08000382   0x00000022   Code   RO         6846    .text               mf_w.l(dflti.o)
    0x080003a4   0x00000038   Code   RO         6848    .text               mf_w.l(d2f.o)
    0x080003dc   0x00000062   Code   RO         6867    .text               mc_w.l(uldiv.o)
    0x0800043e   0x00000000   Code   RO         6869    .text               mc_w.l(iusefp.o)
    0x0800043e   0x0000006e   Code   RO         6870    .text               mf_w.l(fepilogue.o)
    0x080004ac   0x000000ba   Code   RO         6872    .text               mf_w.l(depilogue.o)
    0x08000566   0x00000002   PAD
    0x08000568   0x00000024   Code   RO         6880    .text               mc_w.l(init.o)
    0x0800058c   0x0000001e   Code   RO         6882    .text               mc_w.l(llshl.o)
    0x080005aa   0x00000020   Code   RO         6884    .text               mc_w.l(llushr.o)
    0x080005ca   0x00000056   Code   RO         6896    .text               mc_w.l(__dczerorl2.o)
    0x08000620   0x000000b0   Code   RO         6221    i.BlueTooth_init    bluetooth.o
    0x080006d0   0x00000004   Code   RO         5217    i.BusFault_Handler  stm32f4xx_it.o
    0x080006d4   0x00000200   Code   RO         6313    i.Car_ctrl          n20.o
    0x080008d4   0x0000002c   Code   RO         5856    i.DHT11_in          dht11.o
    0x08000900   0x000000a8   Code   RO         5857    i.DHT11_init_GetData  dht11.o
    0x080009a8   0x00000028   Code   RO         5858    i.DHT11_out         dht11.o
    0x080009d0   0x00000070   Code   RO         5859    i.DHT11_read_bit    dht11.o
    0x08000a40   0x0000001e   Code   RO         5860    i.DHT11_read_byte   dht11.o
    0x08000a5e   0x00000002   PAD
    0x08000a60   0x00000058   Code   RO         5861    i.DHT11_respond     dht11.o
    0x08000ab8   0x00000002   Code   RO         5218    i.DebugMon_Handler  stm32f4xx_it.o
    0x08000aba   0x00000018   Code   RO         5470    i.EXTI0_IRQHandler  my_it.o
    0x08000ad2   0x00000002   PAD
    0x08000ad4   0x00000030   Code   RO         5471    i.EXTI2_IRQHandler  my_it.o
    0x08000b04   0x00000030   Code   RO         5472    i.EXTI3_IRQHandler  my_it.o
    0x08000b34   0x00000064   Code   RO         5473    i.EXTI4_IRQHandler  my_it.o
    0x08000b98   0x000000d0   Code   RO         6535    i.EXTI9_5_IRQHandler  hc_sr04.o
    0x08000c68   0x0000000c   Code   RO         1480    i.EXTI_ClearITPendingBit  stm32f4xx_exti.o
    0x08000c74   0x00000018   Code   RO         1484    i.EXTI_GetITStatus  stm32f4xx_exti.o
    0x08000c8c   0x00000094   Code   RO         1485    i.EXTI_Init         stm32f4xx_exti.o
    0x08000d20   0x000000d0   Code   RO         6314    i.Engine1_2_init    n20.o
    0x08000df0   0x0000009c   Code   RO         6315    i.Engine1_Slow_ctrl  n20.o
    0x08000e8c   0x000000cc   Code   RO         6316    i.Engine1_Speed_ctrl  n20.o
    0x08000f58   0x00000024   Code   RO         6317    i.Engine1_Speed_ctrl_Stop  n20.o
    0x08000f7c   0x00000018   Code   RO         6318    i.Engine1_speed_ctrl_pending  n20.o
    0x08000f94   0x0000009c   Code   RO         6319    i.Engine2_Slow_ctrl  n20.o
    0x08001030   0x000000ec   Code   RO         6320    i.Engine2_Speed_ctrl  n20.o
    0x0800111c   0x00000024   Code   RO         6321    i.Engine2_Speed_ctrl_Stop  n20.o
    0x08001140   0x00000018   Code   RO         6322    i.Engine2_speed_ctrl_pending  n20.o
    0x08001158   0x0000009c   Code   RO         6323    i.Engine3_Slow_ctrl  n20.o
    0x080011f4   0x000000cc   Code   RO         6324    i.Engine3_Speed_ctrl  n20.o
    0x080012c0   0x00000024   Code   RO         6325    i.Engine3_Speed_ctrl_Stop  n20.o
    0x080012e4   0x000000ac   Code   RO         6326    i.Engine3_init      n20.o
    0x08001390   0x00000018   Code   RO         6327    i.Engine3_speed_ctrl_pending  n20.o
    0x080013a8   0x0000009c   Code   RO         6328    i.Engine4_Slow_ctrl  n20.o
    0x08001444   0x000000cc   Code   RO         6329    i.Engine4_Speed_ctrl  n20.o
    0x08001510   0x00000024   Code   RO         6330    i.Engine4_Speed_ctrl_Stop  n20.o
    0x08001534   0x000000ac   Code   RO         6331    i.Engine4_init      n20.o
    0x080015e0   0x00000018   Code   RO         6332    i.Engine4_speed_ctrl_pending  n20.o
    0x080015f8   0x00000090   Code   RO         1993    i.GPIO_Init         stm32f4xx_gpio.o
    0x08001688   0x00000046   Code   RO         1994    i.GPIO_PinAFConfig  stm32f4xx_gpio.o
    0x080016ce   0x00000012   Code   RO         1997    i.GPIO_ReadInputDataBit  stm32f4xx_gpio.o
    0x080016e0   0x00000004   Code   RO         2000    i.GPIO_ResetBits    stm32f4xx_gpio.o
    0x080016e4   0x00000004   Code   RO         2001    i.GPIO_SetBits      stm32f4xx_gpio.o
    0x080016e8   0x00000008   Code   RO         2003    i.GPIO_ToggleBits   stm32f4xx_gpio.o
    0x080016f0   0x00000098   Code   RO         6536    i.HC_SR04_init      hc_sr04.o
    0x08001788   0x00000024   Code   RO         6537    i.HC_SR04_start     hc_sr04.o
    0x080017ac   0x00000004   Code   RO         5219    i.HardFault_Handler  stm32f4xx_it.o
    0x080017b0   0x00000004   Code   RO         5220    i.MemManage_Handler  stm32f4xx_it.o
    0x080017b4   0x00000002   Code   RO         5221    i.NMI_Handler       stm32f4xx_it.o
    0x080017b6   0x00000002   PAD
    0x080017b8   0x00000078   Code   RO           13    i.NVIC_Init         misc.o
    0x08001830   0x00000014   Code   RO           14    i.NVIC_PriorityGroupConfig  misc.o
    0x08001844   0x0000000a   Code   RO         6022    i.OLED_CLS          oled.o
    0x0800184e   0x0000003a   Code   RO         6024    i.OLED_Fill         oled.o
    0x08001888   0x00000038   Code   RO         6025    i.OLED_Fill_6_7     oled.o
    0x080018c0   0x00000028   Code   RO         6028    i.OLED_SetPos       oled.o
    0x080018e8   0x00000054   Code   RO         6029    i.OLED_ShowCN       oled.o
    0x0800193c   0x000000ec   Code   RO         6032    i.OLED_ShowStr      oled.o
    0x08001a28   0x00000002   Code   RO         5222    i.PendSV_Handler    stm32f4xx_it.o
    0x08001a2a   0x00000002   PAD
    0x08001a2c   0x00000020   Code   RO         2919    i.RCC_AHB1PeriphClockCmd  stm32f4xx_rcc.o
    0x08001a4c   0x00000020   Code   RO         2928    i.RCC_APB1PeriphClockCmd  stm32f4xx_rcc.o
    0x08001a6c   0x00000020   Code   RO         2931    i.RCC_APB2PeriphClockCmd  stm32f4xx_rcc.o
    0x08001a8c   0x000000e8   Code   RO         2940    i.RCC_GetClocksFreq  stm32f4xx_rcc.o
    0x08001b74   0x00000030   Code   RO         6152    i.SDA_IO_Mode       io_i2c.o
    0x08001ba4   0x00000002   Code   RO         5223    i.SVC_Handler       stm32f4xx_it.o
    0x08001ba6   0x00000002   PAD
    0x08001ba8   0x00000040   Code   RO         4242    i.SYSCFG_EXTILineConfig  stm32f4xx_syscfg.o
    0x08001be8   0x000000ec   Code   RO         5315    i.SetSysClock       system_stm32f4xx.o
    0x08001cd4   0x00000028   Code   RO           17    i.SysTick_CLKSourceConfig  misc.o
    0x08001cfc   0x00000010   Code   RO         5529    i.SysTick_Handler   my_delay.o
    0x08001d0c   0x00000068   Code   RO         5317    i.SystemInit        system_stm32f4xx.o
    0x08001d74   0x00000028   Code   RO         5581    i.TIM8_UP_TIM13_IRQHandler  tim.o
    0x08001d9c   0x00000006   Code   RO         4310    i.TIM_ClearITPendingBit  stm32f4xx_tim.o
    0x08001da2   0x00000018   Code   RO         4315    i.TIM_Cmd           stm32f4xx_tim.o
    0x08001dba   0x00000022   Code   RO         4336    i.TIM_GetITStatus   stm32f4xx_tim.o
    0x08001ddc   0x0000007c   Code   RO         4344    i.TIM_OC1Init       stm32f4xx_tim.o
    0x08001e58   0x000000a4   Code   RO         4349    i.TIM_OC2Init       stm32f4xx_tim.o
    0x08001efc   0x000000a0   Code   RO         4354    i.TIM_OC3Init       stm32f4xx_tim.o
    0x08001f9c   0x00000078   Code   RO         4359    i.TIM_OC4Init       stm32f4xx_tim.o
    0x08002014   0x00000004   Code   RO         4377    i.TIM_SetCompare1   stm32f4xx_tim.o
    0x08002018   0x00000004   Code   RO         4378    i.TIM_SetCompare2   stm32f4xx_tim.o
    0x0800201c   0x00000004   Code   RO         4379    i.TIM_SetCompare3   stm32f4xx_tim.o
    0x08002020   0x00000004   Code   RO         4380    i.TIM_SetCompare4   stm32f4xx_tim.o
    0x08002024   0x00000084   Code   RO         4387    i.TIM_TimeBaseInit  stm32f4xx_tim.o
    0x080020a8   0x00000034   Code   RO         5657    i.USART1_IRQHandler  uart.o
    0x080020dc   0x000000b4   Code   RO         5658    i.USART1_init       uart.o
    0x08002190   0x00000048   Code   RO         6222    i.USART2_IRQHandler  bluetooth.o
    0x080021d8   0x0000001e   Code   RO         4866    i.USART_ClearITPendingBit  stm32f4xx_usart.o
    0x080021f6   0x00000018   Code   RO         4869    i.USART_Cmd         stm32f4xx_usart.o
    0x0800220e   0x0000001a   Code   RO         4872    i.USART_GetFlagStatus  stm32f4xx_usart.o
    0x08002228   0x00000054   Code   RO         4873    i.USART_GetITStatus  stm32f4xx_usart.o
    0x0800227c   0x0000004a   Code   RO         4875    i.USART_ITConfig    stm32f4xx_usart.o
    0x080022c6   0x00000002   PAD
    0x080022c8   0x000000d4   Code   RO         4876    i.USART_Init        stm32f4xx_usart.o
    0x0800239c   0x0000000a   Code   RO         4883    i.USART_ReceiveData  stm32f4xx_usart.o
    0x080023a6   0x00000008   Code   RO         4886    i.USART_SendData    stm32f4xx_usart.o
    0x080023ae   0x00000004   Code   RO         5224    i.UsageFault_Handler  stm32f4xx_it.o
    0x080023b2   0x00000002   PAD
    0x080023b4   0x00000020   Code   RO         6714    i.__0printf$5       mc_w.l(printf5.o)
    0x080023d4   0x00000028   Code   RO         6716    i.__0sprintf$5      mc_w.l(printf5.o)
    0x080023fc   0x0000000e   Code   RO         6890    i.__scatterload_copy  mc_w.l(handlers.o)
    0x0800240a   0x00000002   Code   RO         6891    i.__scatterload_null  mc_w.l(handlers.o)
    0x0800240c   0x0000000e   Code   RO         6892    i.__scatterload_zeroinit  mc_w.l(handlers.o)
    0x0800241a   0x00000002   PAD
    0x0800241c   0x000002c0   Code   RO         6721    i._printf_core      mc_w.l(printf5.o)
    0x080026dc   0x0000000a   Code   RO         6723    i._sputc            mc_w.l(printf5.o)
    0x080026e6   0x00000002   PAD
    0x080026e8   0x00000024   Code   RO         5434    i.beep_ctrl         beep.o
    0x0800270c   0x00000038   Code   RO         5435    i.beep_init         beep.o
    0x08002744   0x0000001c   Code   RO         6333    i.car_ahead         n20.o
    0x08002760   0x0000001c   Code   RO         6334    i.car_back          n20.o
    0x0800277c   0x0000001c   Code   RO         6335    i.car_self_turn_left  n20.o
    0x08002798   0x0000001c   Code   RO         6336    i.car_self_turn_right  n20.o
    0x080027b4   0x00000014   Code   RO         6337    i.car_stop          n20.o
    0x080027c8   0x0000009c   Code   RO         6223    i.center_ctrl       bluetooth.o
    0x08002864   0x00000024   Code   RO         6338    i.clear_speed       n20.o
    0x08002888   0x000001d8   Code   RO         6339    i.danger_handler    n20.o
    0x08002a60   0x0000003c   Code   RO         5812    i.delay_init        delay.o
    0x08002a9c   0x00000038   Code   RO         5813    i.delay_ms          delay.o
    0x08002ad4   0x0000004c   Code   RO         5814    i.delay_us          delay.o
    0x08002b20   0x0000001c   Code   RO         5398    i.delay_xiaodou     key.o
    0x08002b3c   0x0000004c   Code   RO         5815    i.delay_xms         delay.o
    0x08002b88   0x00000024   Code   RO         5660    i.fputc             uart.o
    0x08002bac   0x00000034   Code   RO         6153    i.i2c_init          io_i2c.o
    0x08002be0   0x00000068   Code   RO         6156    i.i2c_send_byte     io_i2c.o
    0x08002c48   0x00000030   Code   RO         6157    i.i2c_start         io_i2c.o
    0x08002c78   0x0000002c   Code   RO         6158    i.i2c_stop          io_i2c.o
    0x08002ca4   0x00000044   Code   RO         6159    i.i2c_wait_ack      io_i2c.o
    0x08002ce8   0x00000104   Code   RO         5399    i.is_key_num        key.o
    0x08002dec   0x0000009e   Code   RO         5475    i.key_it_init       my_it.o
    0x08002e8a   0x00000002   PAD
    0x08002e8c   0x00000088   Code   RO         6340    i.led_beep          n20.o
    0x08002f14   0x00000038   Code   RO         5661    i.led_beep_usart    uart.o
    0x08002f4c   0x00000080   Code   RO         5357    i.led_ctrl          led_lib.o
    0x08002fcc   0x00000070   Code   RO         5358    i.led_init          led_lib.o
    0x0800303c   0x000000d4   Code   RO         5123    i.main              main.o
    0x08003110   0x000000b0   Code   RO         6034    i.oled_init         oled.o
    0x080031c0   0x0000002c   Code   RO         6036    i.oled_write_cmd    oled.o
    0x080031ec   0x0000002c   Code   RO         6037    i.oled_write_data   oled.o
    0x08003218   0x00000094   Code   RO         6267    i.speed_ctrl        l298n.o
    0x080032ac   0x00000024   Code   RO         6268    i.speed_ctrl_Stop   l298n.o
    0x080032d0   0x00000018   Code   RO         6269    i.speed_ctrl_pending  l298n.o
    0x080032e8   0x0000004c   Code   RO         6341    i.turn_left_back    n20.o
    0x08003334   0x0000004c   Code   RO         6342    i.turn_left_head    n20.o
    0x08003380   0x0000004c   Code   RO         6343    i.turn_right_back   n20.o
    0x080033cc   0x0000004c   Code   RO         6344    i.turn_right_head   n20.o
    0x08003418   0x00000818   Data   RO         6038    .constdata          oled.o
    0x08003c30   0x00000020   Data   RO         6888    Region$$Table       anon$$obj.o


    Execution Region RW_IRAM1 (Base: 0x20000000, Size: 0x00000670, Max: 0x00020000, ABSOLUTE, COMPRESSED[0x000001c4])

    Base Addr    Size         Type   Attr      Idx    E Section Name        Object

    0x20000000   0x00000010   Data   RW         2972    .data               stm32f4xx_rcc.o
    0x20000010   0x00000018   Data   RW         5124    .data               main.o
    0x20000028   0x00000004   Data   RW         5532    .data               my_delay.o
    0x2000002c   0x00000004   Data   RW         5816    .data               delay.o
    0x20000030   0x00000220   Data   RW         6039    .data               oled.o
    0x20000250   0x00000004   Data   RW         6270    .data               l298n.o
    0x20000254   0x00000010   Data   RW         6345    .data               n20.o
    0x20000264   0x00000004   Data   RW         6538    .data               hc_sr04.o
    0x20000268   0x00000004   Data   RW         6864    .data               mc_w.l(stdout.o)
    0x2000026c   0x00000004   PAD
    0x20000270   0x00000400   Zero   RW            1    STACK               startup_stm32f40xx.o


==============================================================================

Image component sizes


      Code (inc. data)   RO Data    RW Data    ZI Data      Debug   Object Name

        92         12          0          0          0       1060   beep.o
       404         48          0          0          0       1951   bluetooth.o
       268         16          0          4          0       2451   delay.o
       482         68          0          0          0       3951   dht11.o
       396         54          0          4          0       2052   hc_sr04.o
       364         42          0          0          0       3341   io_i2c.o
       288         10          0          0          0       1257   key.o
       208         36          0          4          0       1888   l298n.o
       240         16          0          0          0       1226   led_lib.o
       212         36          0         24          0       2741   main.o
       180         24          0          0          0     295549   misc.o
        16          4          0          4          0        666   my_delay.o
       378         40          0          0          0       2738   my_it.o
      3856        594          0         16          0      19715   n20.o
       748         12       2072        544          0       6261   oled.o
        36          8        392          0       1024        852   startup_stm32f40xx.o
       184         16          0          0          0       2068   stm32f4xx_exti.o
       248          0          0          0          0       4037   stm32f4xx_gpio.o
        24          0          0          0          0     244600   stm32f4xx_it.o
       328         36          0         16          0       4651   stm32f4xx_rcc.o
        64          4          0          0          0        652   stm32f4xx_syscfg.o
       780         66          0          0          0       8139   stm32f4xx_tim.o
       468          8          0          0          0       6035   stm32f4xx_usart.o
       340         32          0          0          0       1569   system_stm32f4xx.o
        40          8          0          0          0        515   tim.o
       324         22          0          0          0       2331   uart.o

    ----------------------------------------------------------------------
     10984       1212       2496        616       1024     622296   Object Totals
         0          0         32          0          0          0   (incl. Generated)
        16          0          0          0          0          0   (incl. Padding)

    ----------------------------------------------------------------------

      Code (inc. data)   RO Data    RW Data    ZI Data      Debug   Library Member Name

        86          0          0          0          0          0   __dczerorl2.o
         0          0          0          0          0          0   entry.o
         0          0          0          0          0          0   entry10a.o
         0          0          0          0          0          0   entry11a.o
         8          4          0          0          0          0   entry2.o
         4          0          0          0          0          0   entry5.o
         0          0          0          0          0          0   entry7b.o
         0          0          0          0          0          0   entry8b.o
         8          4          0          0          0          0   entry9a.o
        30          0          0          0          0          0   handlers.o
        36          8          0          0          0         68   init.o
         0          0          0          0          0          0   iusefp.o
        30          0          0          0          0         68   llshl.o
        32          0          0          0          0         68   llushr.o
       786         62          0          0          0        336   printf5.o
         0          0          0          4          0          0   stdout.o
        98          0          0          0          0         92   uldiv.o
        56          0          0          0          0         88   d2f.o
       222          0          0          0          0        100   ddiv.o
       186          0          0          0          0        176   depilogue.o
        34          0          0          0          0         76   dflti.o
       228          0          0          0          0         96   dmul.o
       110          0          0          0          0        168   fepilogue.o

    ----------------------------------------------------------------------
      1960         78          0          4          4       1336   Library Totals
         6          0          0          0          4          0   (incl. Padding)

    ----------------------------------------------------------------------

      Code (inc. data)   RO Data    RW Data    ZI Data      Debug   Library Name

      1118         78          0          4          0        632   mc_w.l
       836          0          0          0          0        704   mf_w.l

    ----------------------------------------------------------------------
      1960         78          0          4          4       1336   Library Totals

    ----------------------------------------------------------------------

==============================================================================


      Code (inc. data)   RO Data    RW Data    ZI Data      Debug   

     12944       1290       2496        620       1028     610692   Grand Totals
     12944       1290       2496        452       1028     610692   ELF Image Totals (compressed)
     12944       1290       2496        452          0          0   ROM Totals

==============================================================================

    Total RO  Size (Code + RO Data)                15440 (  15.08kB)
    Total RW  Size (RW Data + ZI Data)              1648 (   1.61kB)
    Total ROM Size (Code + RO Data + RW Data)      15892 (  15.52kB)

==============================================================================

